Archive member included to satisfy reference by file (symbol)

/usr/local/Cellar/gcc-arm-none-eabi/20200630/bin/../lib/gcc/arm-none-eabi/9.3.1/../../../../arm-none-eabi/lib/thumb/v7e-m/nofp/libg_nano.a(lib_a-memcpy-stub.o)
                              build/sparkfun-samd51-micromod/flash_samd51.o (memcpy)
/usr/local/Cellar/gcc-arm-none-eabi/20200630/bin/../lib/gcc/arm-none-eabi/9.3.1/../../../../arm-none-eabi/lib/thumb/v7e-m/nofp/libg_nano.a(lib_a-memset.o)
                              build/sparkfun-samd51-micromod/cdc_enumerate.o (memset)
/usr/local/Cellar/gcc-arm-none-eabi/20200630/bin/../lib/gcc/arm-none-eabi/9.3.1/../../../../arm-none-eabi/lib/thumb/v7e-m/nofp/libg_nano.a(lib_a-strlen.o)
                              build/sparkfun-samd51-micromod/cdc_enumerate.o (strlen)

Allocating common symbols
Common symbol       size              file

b_sharp_received    0x1               build/sparkfun-samd51-micromod/usart_sam_ba.o
block_erased        0x80              build/sparkfun-samd51-micromod/flash_samd51.o
timerHigh           0x4               build/sparkfun-samd51-micromod/utils.o
j                   0x1               build/sparkfun-samd51-micromod/sam_ba_monitor.o
idx_rx_write        0x1               build/sparkfun-samd51-micromod/usart_sam_ba.o
size_of_data        0x2               build/sparkfun-samd51-micromod/usart_sam_ba.o
ctrlOutCache        0x44              build/sparkfun-samd51-micromod/cdc_enumerate.o
length              0x4               build/sparkfun-samd51-micromod/sam_ba_monitor.o
ptr                 0x4               build/sparkfun-samd51-micromod/sam_ba_monitor.o
command             0x1               build/sparkfun-samd51-micromod/sam_ba_monitor.o
resetHorizon        0x4               build/sparkfun-samd51-micromod/utils.o
idx_tx_read         0x1               build/sparkfun-samd51-micromod/usart_sam_ba.o
i                   0x4               build/sparkfun-samd51-micromod/sam_ba_monitor.o
buffer_tx_usart     0x80              build/sparkfun-samd51-micromod/usart_sam_ba.o
error_timeout       0x1               build/sparkfun-samd51-micromod/usart_sam_ba.o
usb_endpoint_table  0x100             build/sparkfun-samd51-micromod/cdc_enumerate.o
data                0x41              build/sparkfun-samd51-micromod/sam_ba_monitor.o
mode_of_transfer    0x1               build/sparkfun-samd51-micromod/usart_sam_ba.o
ptr_data            0x4               build/sparkfun-samd51-micromod/sam_ba_monitor.o
idx_rx_read         0x1               build/sparkfun-samd51-micromod/usart_sam_ba.o
sp                  0x4               build/sparkfun-samd51-micromod/sam_ba_monitor.o
current_number      0x4               build/sparkfun-samd51-micromod/sam_ba_monitor.o
idx_tx_write        0x1               build/sparkfun-samd51-micromod/usart_sam_ba.o
row_same            0x1000            build/sparkfun-samd51-micromod/flash_samd51.o
endpointCache       0x220             build/sparkfun-samd51-micromod/cdc_enumerate.o
u32tmp              0x4               build/sparkfun-samd51-micromod/sam_ba_monitor.o
buffer_rx_usart     0x80              build/sparkfun-samd51-micromod/usart_sam_ba.o

Discarded input sections

 .text          0x0000000000000000        0x0 build/sparkfun-samd51-micromod/flash_samd51.o
 .data          0x0000000000000000        0x0 build/sparkfun-samd51-micromod/flash_samd51.o
 .bss           0x0000000000000000        0x0 build/sparkfun-samd51-micromod/flash_samd51.o
 .text.flash_erase_block
                0x0000000000000000       0x20 build/sparkfun-samd51-micromod/flash_samd51.o
 .text          0x0000000000000000        0x0 build/sparkfun-samd51-micromod/init_samd51.o
 .data          0x0000000000000000        0x0 build/sparkfun-samd51-micromod/init_samd51.o
 .bss           0x0000000000000000        0x0 build/sparkfun-samd51-micromod/init_samd51.o
 .text          0x0000000000000000        0x0 build/sparkfun-samd51-micromod/startup_samd51.o
 .data          0x0000000000000000        0x0 build/sparkfun-samd51-micromod/startup_samd51.o
 .bss           0x0000000000000000        0x0 build/sparkfun-samd51-micromod/startup_samd51.o
 .text          0x0000000000000000        0x0 build/sparkfun-samd51-micromod/usart_sam_ba.o
 .data          0x0000000000000000        0x0 build/sparkfun-samd51-micromod/usart_sam_ba.o
 .bss           0x0000000000000000        0x0 build/sparkfun-samd51-micromod/usart_sam_ba.o
 .text.usart_open
                0x0000000000000000       0xb8 build/sparkfun-samd51-micromod/usart_sam_ba.o
 .text.usart_close
                0x0000000000000000        0xc build/sparkfun-samd51-micromod/usart_sam_ba.o
 .text.usart_putc
                0x0000000000000000       0x14 build/sparkfun-samd51-micromod/usart_sam_ba.o
 .text.usart_getc
                0x0000000000000000       0x18 build/sparkfun-samd51-micromod/usart_sam_ba.o
 .text.usart_sharp_received
                0x0000000000000000       0x2c build/sparkfun-samd51-micromod/usart_sam_ba.o
 .text.usart_is_rx_ready
                0x0000000000000000       0x10 build/sparkfun-samd51-micromod/usart_sam_ba.o
 .text.usart_readc
                0x0000000000000000       0x20 build/sparkfun-samd51-micromod/usart_sam_ba.o
 .text.usart_putdata
                0x0000000000000000       0x24 build/sparkfun-samd51-micromod/usart_sam_ba.o
 .text.usart_getdata
                0x0000000000000000       0x1c build/sparkfun-samd51-micromod/usart_sam_ba.o
 .text.getbytes
                0x0000000000000000       0x80 build/sparkfun-samd51-micromod/usart_sam_ba.o
 .text.getPacket
                0x0000000000000000       0x9c build/sparkfun-samd51-micromod/usart_sam_ba.o
 .text.usart_putdata_xmd
                0x0000000000000000      0x164 build/sparkfun-samd51-micromod/usart_sam_ba.o
 .text.usart_getdata_xmd
                0x0000000000000000       0xcc build/sparkfun-samd51-micromod/usart_sam_ba.o
 COMMON         0x0000000000000000      0x10c build/sparkfun-samd51-micromod/usart_sam_ba.o
 .text          0x0000000000000000        0x0 build/sparkfun-samd51-micromod/screen.o
 .data          0x0000000000000000        0x0 build/sparkfun-samd51-micromod/screen.o
 .bss           0x0000000000000000        0x0 build/sparkfun-samd51-micromod/screen.o
 .debug_info    0x0000000000000000      0x9a3 build/sparkfun-samd51-micromod/screen.o
 .debug_abbrev  0x0000000000000000      0x1bd build/sparkfun-samd51-micromod/screen.o
 .debug_aranges
                0x0000000000000000       0x18 build/sparkfun-samd51-micromod/screen.o
 .debug_line    0x0000000000000000      0x1a9 build/sparkfun-samd51-micromod/screen.o
 .debug_str     0x0000000000000000      0x5e9 build/sparkfun-samd51-micromod/screen.o
 .comment       0x0000000000000000       0x4d build/sparkfun-samd51-micromod/screen.o
 .ARM.attributes
                0x0000000000000000       0x33 build/sparkfun-samd51-micromod/screen.o
 .text          0x0000000000000000        0x0 build/sparkfun-samd51-micromod/images.o
 .data          0x0000000000000000        0x0 build/sparkfun-samd51-micromod/images.o
 .bss           0x0000000000000000        0x0 build/sparkfun-samd51-micromod/images.o
 .rodata.arrowLogo
                0x0000000000000000       0x39 build/sparkfun-samd51-micromod/images.o
 .rodata.fileLogo
                0x0000000000000000       0x4a build/sparkfun-samd51-micromod/images.o
 .rodata.font8  0x0000000000000000      0x240 build/sparkfun-samd51-micromod/images.o
 .rodata.pendriveLogo
                0x0000000000000000       0x3e build/sparkfun-samd51-micromod/images.o
 .debug_info    0x0000000000000000      0x11e build/sparkfun-samd51-micromod/images.o
 .debug_abbrev  0x0000000000000000       0x6a build/sparkfun-samd51-micromod/images.o
 .debug_aranges
                0x0000000000000000       0x18 build/sparkfun-samd51-micromod/images.o
 .debug_line    0x0000000000000000       0xe0 build/sparkfun-samd51-micromod/images.o
 .debug_str     0x0000000000000000      0x1bb build/sparkfun-samd51-micromod/images.o
 .comment       0x0000000000000000       0x4d build/sparkfun-samd51-micromod/images.o
 .ARM.attributes
                0x0000000000000000       0x33 build/sparkfun-samd51-micromod/images.o
 .text          0x0000000000000000        0x0 build/sparkfun-samd51-micromod/utils.o
 .data          0x0000000000000000        0x0 build/sparkfun-samd51-micromod/utils.o
 .bss           0x0000000000000000        0x0 build/sparkfun-samd51-micromod/utils.o
 .text.panic    0x0000000000000000        0x4 build/sparkfun-samd51-micromod/utils.o
 .text          0x0000000000000000        0x0 build/sparkfun-samd51-micromod/cdc_enumerate.o
 .data          0x0000000000000000        0x0 build/sparkfun-samd51-micromod/cdc_enumerate.o
 .bss           0x0000000000000000        0x0 build/sparkfun-samd51-micromod/cdc_enumerate.o
 .text.USB_Read
                0x0000000000000000        0x8 build/sparkfun-samd51-micromod/cdc_enumerate.o
 .text.AT91F_USB_SendZlp
                0x0000000000000000       0x18 build/sparkfun-samd51-micromod/cdc_enumerate.o
 .text.reset_ep
                0x0000000000000000       0x30 build/sparkfun-samd51-micromod/cdc_enumerate.o
 .text.stall_ep
                0x0000000000000000       0x24 build/sparkfun-samd51-micromod/cdc_enumerate.o
 .text.cdc_is_rx_ready
                0x0000000000000000       0x18 build/sparkfun-samd51-micromod/cdc_enumerate.o
 .text          0x0000000000000000        0x0 build/sparkfun-samd51-micromod/fat.o
 .data          0x0000000000000000        0x0 build/sparkfun-samd51-micromod/fat.o
 .bss           0x0000000000000000        0x0 build/sparkfun-samd51-micromod/fat.o
 .text          0x0000000000000000        0x0 build/sparkfun-samd51-micromod/main.o
 .data          0x0000000000000000        0x0 build/sparkfun-samd51-micromod/main.o
 .bss           0x0000000000000000        0x0 build/sparkfun-samd51-micromod/main.o
 .text          0x0000000000000000        0x0 build/sparkfun-samd51-micromod/msc.o
 .data          0x0000000000000000        0x0 build/sparkfun-samd51-micromod/msc.o
 .bss           0x0000000000000000        0x0 build/sparkfun-samd51-micromod/msc.o
 .text.msc_reset
                0x0000000000000000       0x1c build/sparkfun-samd51-micromod/msc.o
 .text.udd_ep_set_halt
                0x0000000000000000       0x14 build/sparkfun-samd51-micromod/msc.o
 .text.udi_msc_csw_send
                0x0000000000000000       0x10 build/sparkfun-samd51-micromod/msc.o
 .bss.mscReset  0x0000000000000000        0x1 build/sparkfun-samd51-micromod/msc.o
 .text          0x0000000000000000        0x0 build/sparkfun-samd51-micromod/sam_ba_monitor.o
 .data          0x0000000000000000        0x0 build/sparkfun-samd51-micromod/sam_ba_monitor.o
 .bss           0x0000000000000000        0x0 build/sparkfun-samd51-micromod/sam_ba_monitor.o
 .text.sam_ba_monitor_init
                0x0000000000000000        0x4 build/sparkfun-samd51-micromod/sam_ba_monitor.o
 .text.sam_ba_putdata_term
                0x0000000000000000        0x4 build/sparkfun-samd51-micromod/sam_ba_monitor.o
 .text.call_applet
                0x0000000000000000       0x20 build/sparkfun-samd51-micromod/sam_ba_monitor.o
 .text          0x0000000000000000        0x0 build/sparkfun-samd51-micromod/uart_driver.o
 .data          0x0000000000000000        0x0 build/sparkfun-samd51-micromod/uart_driver.o
 .bss           0x0000000000000000        0x0 build/sparkfun-samd51-micromod/uart_driver.o
 .text.uart_get_sercom_index
                0x0000000000000000       0x38 build/sparkfun-samd51-micromod/uart_driver.o
 .text.uart_basic_init
                0x0000000000000000       0x60 build/sparkfun-samd51-micromod/uart_driver.o
 .text.uart_disable
                0x0000000000000000       0x14 build/sparkfun-samd51-micromod/uart_driver.o
 .text.uart_write_byte
                0x0000000000000000        0xc build/sparkfun-samd51-micromod/uart_driver.o
 .text.uart_read_byte
                0x0000000000000000       0x2c build/sparkfun-samd51-micromod/uart_driver.o
 .text.uart_write_buffer_polled
                0x0000000000000000       0x18 build/sparkfun-samd51-micromod/uart_driver.o
 .text.uart_read_buffer_polled
                0x0000000000000000       0x38 build/sparkfun-samd51-micromod/uart_driver.o
 .rodata        0x0000000000000000       0x18 build/sparkfun-samd51-micromod/uart_driver.o
 .bss.uart_drv_error_flag
                0x0000000000000000        0x1 build/sparkfun-samd51-micromod/uart_driver.o
 .debug_info    0x0000000000000000     0x2d6b build/sparkfun-samd51-micromod/uart_driver.o
 .debug_abbrev  0x0000000000000000      0x2f6 build/sparkfun-samd51-micromod/uart_driver.o
 .debug_loc     0x0000000000000000      0x1be build/sparkfun-samd51-micromod/uart_driver.o
 .debug_aranges
                0x0000000000000000       0x50 build/sparkfun-samd51-micromod/uart_driver.o
 .debug_ranges  0x0000000000000000       0x58 build/sparkfun-samd51-micromod/uart_driver.o
 .debug_line    0x0000000000000000      0x51f build/sparkfun-samd51-micromod/uart_driver.o
 .debug_str     0x0000000000000000      0xf32 build/sparkfun-samd51-micromod/uart_driver.o
 .comment       0x0000000000000000       0x4d build/sparkfun-samd51-micromod/uart_driver.o
 .debug_frame   0x0000000000000000       0xb0 build/sparkfun-samd51-micromod/uart_driver.o
 .ARM.attributes
                0x0000000000000000       0x2e build/sparkfun-samd51-micromod/uart_driver.o
 .text          0x0000000000000000        0x0 build/sparkfun-samd51-micromod/hid.o
 .data          0x0000000000000000        0x0 build/sparkfun-samd51-micromod/hid.o
 .bss           0x0000000000000000        0x0 build/sparkfun-samd51-micromod/hid.o
 .text.send_hf2_response
                0x0000000000000000       0x10 build/sparkfun-samd51-micromod/hid.o
 .text          0x0000000000000000        0x0 /usr/local/Cellar/gcc-arm-none-eabi/20200630/bin/../lib/gcc/arm-none-eabi/9.3.1/../../../../arm-none-eabi/lib/thumb/v7e-m/nofp/libg_nano.a(lib_a-memcpy-stub.o)
 .data          0x0000000000000000        0x0 /usr/local/Cellar/gcc-arm-none-eabi/20200630/bin/../lib/gcc/arm-none-eabi/9.3.1/../../../../arm-none-eabi/lib/thumb/v7e-m/nofp/libg_nano.a(lib_a-memcpy-stub.o)
 .bss           0x0000000000000000        0x0 /usr/local/Cellar/gcc-arm-none-eabi/20200630/bin/../lib/gcc/arm-none-eabi/9.3.1/../../../../arm-none-eabi/lib/thumb/v7e-m/nofp/libg_nano.a(lib_a-memcpy-stub.o)
 .text          0x0000000000000000        0x0 /usr/local/Cellar/gcc-arm-none-eabi/20200630/bin/../lib/gcc/arm-none-eabi/9.3.1/../../../../arm-none-eabi/lib/thumb/v7e-m/nofp/libg_nano.a(lib_a-memset.o)
 .data          0x0000000000000000        0x0 /usr/local/Cellar/gcc-arm-none-eabi/20200630/bin/../lib/gcc/arm-none-eabi/9.3.1/../../../../arm-none-eabi/lib/thumb/v7e-m/nofp/libg_nano.a(lib_a-memset.o)
 .bss           0x0000000000000000        0x0 /usr/local/Cellar/gcc-arm-none-eabi/20200630/bin/../lib/gcc/arm-none-eabi/9.3.1/../../../../arm-none-eabi/lib/thumb/v7e-m/nofp/libg_nano.a(lib_a-memset.o)
 .data          0x0000000000000000        0x0 /usr/local/Cellar/gcc-arm-none-eabi/20200630/bin/../lib/gcc/arm-none-eabi/9.3.1/../../../../arm-none-eabi/lib/thumb/v7e-m/nofp/libg_nano.a(lib_a-strlen.o)
 .bss           0x0000000000000000        0x0 /usr/local/Cellar/gcc-arm-none-eabi/20200630/bin/../lib/gcc/arm-none-eabi/9.3.1/../../../../arm-none-eabi/lib/thumb/v7e-m/nofp/libg_nano.a(lib_a-strlen.o)

Memory Configuration

Name             Origin             Length             Attributes
rom              0x0000000000000000 0x0000000000004000 xr
ram              0x0000000020000000 0x0000000000030000 xrw
*default*        0x0000000000000000 0xffffffffffffffff

Linker script and memory map

LOAD build/sparkfun-samd51-micromod/flash_samd51.o
LOAD build/sparkfun-samd51-micromod/init_samd51.o
LOAD build/sparkfun-samd51-micromod/startup_samd51.o
LOAD build/sparkfun-samd51-micromod/usart_sam_ba.o
LOAD build/sparkfun-samd51-micromod/screen.o
LOAD build/sparkfun-samd51-micromod/images.o
LOAD build/sparkfun-samd51-micromod/utils.o
LOAD build/sparkfun-samd51-micromod/cdc_enumerate.o
LOAD build/sparkfun-samd51-micromod/fat.o
LOAD build/sparkfun-samd51-micromod/main.o
LOAD build/sparkfun-samd51-micromod/msc.o
LOAD build/sparkfun-samd51-micromod/sam_ba_monitor.o
LOAD build/sparkfun-samd51-micromod/uart_driver.o
LOAD build/sparkfun-samd51-micromod/hid.o
START GROUP
LOAD /usr/local/Cellar/gcc-arm-none-eabi/20200630/bin/../lib/gcc/arm-none-eabi/9.3.1/thumb/v7e-m/nofp/libgcc.a
LOAD /usr/local/Cellar/gcc-arm-none-eabi/20200630/bin/../lib/gcc/arm-none-eabi/9.3.1/../../../../arm-none-eabi/lib/thumb/v7e-m/nofp/libg_nano.a
LOAD /usr/local/Cellar/gcc-arm-none-eabi/20200630/bin/../lib/gcc/arm-none-eabi/9.3.1/../../../../arm-none-eabi/lib/thumb/v7e-m/nofp/libc_nano.a
END GROUP
START GROUP
LOAD /usr/local/Cellar/gcc-arm-none-eabi/20200630/bin/../lib/gcc/arm-none-eabi/9.3.1/thumb/v7e-m/nofp/libgcc.a
LOAD /usr/local/Cellar/gcc-arm-none-eabi/20200630/bin/../lib/gcc/arm-none-eabi/9.3.1/../../../../arm-none-eabi/lib/thumb/v7e-m/nofp/libc_nano.a
LOAD /usr/local/Cellar/gcc-arm-none-eabi/20200630/bin/../lib/gcc/arm-none-eabi/9.3.1/../../../../arm-none-eabi/lib/thumb/v7e-m/nofp/libnosys.a
END GROUP
START GROUP
LOAD /usr/local/Cellar/gcc-arm-none-eabi/20200630/bin/../lib/gcc/arm-none-eabi/9.3.1/thumb/v7e-m/nofp/libgcc.a
LOAD /usr/local/Cellar/gcc-arm-none-eabi/20200630/bin/../lib/gcc/arm-none-eabi/9.3.1/../../../../arm-none-eabi/lib/thumb/v7e-m/nofp/libc_nano.a
LOAD /usr/local/Cellar/gcc-arm-none-eabi/20200630/bin/../lib/gcc/arm-none-eabi/9.3.1/../../../../arm-none-eabi/lib/thumb/v7e-m/nofp/libnosys.a
END GROUP
                0x000000000000c000                STACK_SIZE = DEFINED (STACK_SIZE)?STACK_SIZE:DEFINED (__stack_size__)?__stack_size__:0xc000

.text           0x0000000000000000     0x21d8
                0x0000000000000000                . = ALIGN (0x4)
                0x0000000000000000                _sfixed = .
 *(.vectors .vectors.*)
 .vectors       0x0000000000000000      0x264 build/sparkfun-samd51-micromod/startup_samd51.o
                0x0000000000000000                exception_table
 *(.text .text.* .gnu.linkonce.t.*)
 .text.flash_erase_to_end
                0x0000000000000264       0x2c build/sparkfun-samd51-micromod/flash_samd51.o
                0x0000000000000264                flash_erase_to_end
 .text.copy_words
                0x0000000000000290       0x18 build/sparkfun-samd51-micromod/flash_samd51.o
                0x0000000000000290                copy_words
 .text.flash_write_words
                0x00000000000002a8       0x6c build/sparkfun-samd51-micromod/flash_samd51.o
                0x00000000000002a8                flash_write_words
 .text.flash_write_row
                0x0000000000000314      0x188 build/sparkfun-samd51-micromod/flash_samd51.o
                0x0000000000000314                flash_write_row
 .text.system_init
                0x000000000000049c       0xcc build/sparkfun-samd51-micromod/init_samd51.o
                0x000000000000049c                system_init
 .text.SysTick_Handler
                0x0000000000000568        0x4 build/sparkfun-samd51-micromod/init_samd51.o
                0x0000000000000568                SysTick_Handler
 .text.Dummy_Handler
                0x000000000000056c        0x4 build/sparkfun-samd51-micromod/startup_samd51.o
                0x000000000000056c                ICM_Handler
                0x000000000000056c                SERCOM0_2_Handler
                0x000000000000056c                DebugMon_Handler
                0x000000000000056c                EIC_13_Handler
                0x000000000000056c                EVSYS_0_Handler
                0x000000000000056c                TCC1_3_Handler
                0x000000000000056c                DAC_3_Handler
                0x000000000000056c                TRNG_Handler
                0x000000000000056c                HardFault_Handler
                0x000000000000056c                TC2_Handler
                0x000000000000056c                PDEC_2_Handler
                0x000000000000056c                EIC_4_Handler
                0x000000000000056c                AC_Handler
                0x000000000000056c                SERCOM3_1_Handler
                0x000000000000056c                TCC2_3_Handler
                0x000000000000056c                SERCOM3_2_Handler
                0x000000000000056c                PendSV_Handler
                0x000000000000056c                NMI_Handler
                0x000000000000056c                ADC1_1_Handler
                0x000000000000056c                EVSYS_3_Handler
                0x000000000000056c                PDEC_0_Handler
                0x000000000000056c                QSPI_Handler
                0x000000000000056c                TCC0_0_Handler
                0x000000000000056c                EIC_3_Handler
                0x000000000000056c                TAL_0_Handler
                0x000000000000056c                DAC_2_Handler
                0x000000000000056c                SERCOM0_0_Handler
                0x000000000000056c                RTC_Handler
                0x000000000000056c                UsageFault_Handler
                0x000000000000056c                SERCOM4_0_Handler
                0x000000000000056c                EIC_10_Handler
                0x000000000000056c                SERCOM0_3_Handler
                0x000000000000056c                EIC_11_Handler
                0x000000000000056c                EIC_9_Handler
                0x000000000000056c                OSC32KCTRL_Handler
                0x000000000000056c                TCC2_1_Handler
                0x000000000000056c                SUPC_1_Handler
                0x000000000000056c                TCC0_5_Handler
                0x000000000000056c                TCC0_6_Handler
                0x000000000000056c                EVSYS_1_Handler
                0x000000000000056c                TCC1_4_Handler
                0x000000000000056c                DMAC_0_Handler
                0x000000000000056c                WDT_Handler
                0x000000000000056c                EIC_8_Handler
                0x000000000000056c                EIC_15_Handler
                0x000000000000056c                SERCOM5_0_Handler
                0x000000000000056c                TC4_Handler
                0x000000000000056c                TC1_Handler
                0x000000000000056c                OSCCTRL_4_Handler
                0x000000000000056c                SERCOM4_3_Handler
                0x000000000000056c                EIC_12_Handler
                0x000000000000056c                DMAC_4_Handler
                0x000000000000056c                TCC4_2_Handler
                0x000000000000056c                PAC_Handler
                0x000000000000056c                TCC1_0_Handler
                0x000000000000056c                USB_0_Handler
                0x000000000000056c                OSCCTRL_0_Handler
                0x000000000000056c                EIC_0_Handler
                0x000000000000056c                OSCCTRL_3_Handler
                0x000000000000056c                SERCOM4_1_Handler
                0x000000000000056c                TC3_Handler
                0x000000000000056c                Dummy_Handler
                0x000000000000056c                TCC3_0_Handler
                0x000000000000056c                TCC2_2_Handler
                0x000000000000056c                SERCOM5_1_Handler
                0x000000000000056c                TCC1_1_Handler
                0x000000000000056c                DMAC_2_Handler
                0x000000000000056c                ADC0_0_Handler
                0x000000000000056c                SERCOM0_1_Handler
                0x000000000000056c                OSCCTRL_2_Handler
                0x000000000000056c                ADC1_0_Handler
                0x000000000000056c                TCC1_2_Handler
                0x000000000000056c                USB_1_Handler
                0x000000000000056c                PM_Handler
                0x000000000000056c                SERCOM2_3_Handler
                0x000000000000056c                DAC_4_Handler
                0x000000000000056c                TCC3_2_Handler
                0x000000000000056c                TCC0_2_Handler
                0x000000000000056c                DMAC_1_Handler
                0x000000000000056c                TCC4_0_Handler
                0x000000000000056c                USB_3_Handler
                0x000000000000056c                TCC2_0_Handler
                0x000000000000056c                PDEC_1_Handler
                0x000000000000056c                MemManage_Handler
                0x000000000000056c                TCC4_1_Handler
                0x000000000000056c                SERCOM5_3_Handler
                0x000000000000056c                USB_2_Handler
                0x000000000000056c                SVC_Handler
                0x000000000000056c                SDHC0_Handler
                0x000000000000056c                SERCOM1_1_Handler
                0x000000000000056c                I2S_Handler
                0x000000000000056c                EIC_2_Handler
                0x000000000000056c                PCC_Handler
                0x000000000000056c                DAC_0_Handler
                0x000000000000056c                TCC0_1_Handler
                0x000000000000056c                SERCOM1_3_Handler
                0x000000000000056c                EIC_6_Handler
                0x000000000000056c                OSCCTRL_1_Handler
                0x000000000000056c                SERCOM1_0_Handler
                0x000000000000056c                PUKCC_Handler
                0x000000000000056c                SERCOM2_1_Handler
                0x000000000000056c                SERCOM1_2_Handler
                0x000000000000056c                SERCOM3_0_Handler
                0x000000000000056c                EIC_1_Handler
                0x000000000000056c                SERCOM4_2_Handler
                0x000000000000056c                EVSYS_4_Handler
                0x000000000000056c                EIC_7_Handler
                0x000000000000056c                NVMCTRL_1_Handler
                0x000000000000056c                SERCOM5_2_Handler
                0x000000000000056c                SERCOM3_3_Handler
                0x000000000000056c                ADC0_1_Handler
                0x000000000000056c                SERCOM2_2_Handler
                0x000000000000056c                TCC3_1_Handler
                0x000000000000056c                EIC_14_Handler
                0x000000000000056c                DAC_1_Handler
                0x000000000000056c                NVMCTRL_0_Handler
                0x000000000000056c                TAL_1_Handler
                0x000000000000056c                MCLK_Handler
                0x000000000000056c                EVSYS_2_Handler
                0x000000000000056c                SUPC_0_Handler
                0x000000000000056c                BusFault_Handler
                0x000000000000056c                FREQM_Handler
                0x000000000000056c                TC0_Handler
                0x000000000000056c                TCC0_3_Handler
                0x000000000000056c                DMAC_3_Handler
                0x000000000000056c                TCC0_4_Handler
                0x000000000000056c                RAMECC_Handler
                0x000000000000056c                TC5_Handler
                0x000000000000056c                SERCOM2_0_Handler
                0x000000000000056c                AES_Handler
                0x000000000000056c                EIC_5_Handler
 .text.Reset_Handler
                0x0000000000000570       0x74 build/sparkfun-samd51-micromod/startup_samd51.o
                0x0000000000000570                Reset_Handler
 .text.add_crc  0x00000000000005e4       0x58 build/sparkfun-samd51-micromod/usart_sam_ba.o
                0x00000000000005e4                add_crc
 .text.NVIC_SystemReset
                0x000000000000063c       0x20 build/sparkfun-samd51-micromod/utils.o
 .text.delay    0x000000000000065c       0x14 build/sparkfun-samd51-micromod/utils.o
                0x000000000000065c                delay
 .text.writeNum
                0x0000000000000670       0x34 build/sparkfun-samd51-micromod/utils.o
                0x0000000000000670                writeNum
 .text.resetIntoApp
                0x00000000000006a4       0x14 build/sparkfun-samd51-micromod/utils.o
                0x00000000000006a4                resetIntoApp
 .text.timerTick
                0x00000000000006b8       0x3c build/sparkfun-samd51-micromod/utils.o
                0x00000000000006b8                timerTick
 .text.resetIntoBootloader
                0x00000000000006f4       0x14 build/sparkfun-samd51-micromod/utils.o
                0x00000000000006f4                resetIntoBootloader
 .text.led_tick
                0x0000000000000708       0x94 build/sparkfun-samd51-micromod/utils.o
                0x0000000000000708                led_tick
 .text.led_signal
                0x000000000000079c       0x28 build/sparkfun-samd51-micromod/utils.o
                0x000000000000079c                led_signal
 .text.led_init
                0x00000000000007c4       0x10 build/sparkfun-samd51-micromod/utils.o
                0x00000000000007c4                led_init
 .text.RGBLED_set_color
                0x00000000000007d4        0x4 build/sparkfun-samd51-micromod/utils.o
                0x00000000000007d4                RGBLED_set_color
 .text.AT91F_InitUSB
                0x00000000000007d8      0x108 build/sparkfun-samd51-micromod/cdc_enumerate.o
                0x00000000000007d8                AT91F_InitUSB
 .text.USB_ReadCore
                0x00000000000008e0       0xdc build/sparkfun-samd51-micromod/cdc_enumerate.o
                0x00000000000008e0                USB_ReadCore
 .text.USB_ReadBlocking
                0x00000000000009bc       0x24 build/sparkfun-samd51-micromod/cdc_enumerate.o
                0x00000000000009bc                USB_ReadBlocking
 .text.USB_WriteCore
                0x00000000000009e0       0x88 build/sparkfun-samd51-micromod/cdc_enumerate.o
                0x00000000000009e0                USB_WriteCore
 .text.USB_Write
                0x0000000000000a68        0x8 build/sparkfun-samd51-micromod/cdc_enumerate.o
                0x0000000000000a68                USB_Write
 .text.USB_Ok   0x0000000000000a70      0x558 build/sparkfun-samd51-micromod/cdc_enumerate.o
                0x0000000000000a70                USB_Ok
 .text.usb_init
                0x0000000000000fc8       0x20 build/sparkfun-samd51-micromod/cdc_enumerate.o
                0x0000000000000fc8                usb_init
 .text.cdc_write_buf
                0x0000000000000fe8       0x10 build/sparkfun-samd51-micromod/cdc_enumerate.o
                0x0000000000000fe8                cdc_write_buf
 .text.cdc_write_buf_xmd
                0x0000000000000ff8        0x4 build/sparkfun-samd51-micromod/cdc_enumerate.o
                0x0000000000000ff8                cdc_write_buf_xmd
 .text.cdc_read_buf
                0x0000000000000ffc       0x20 build/sparkfun-samd51-micromod/cdc_enumerate.o
                0x0000000000000ffc                cdc_read_buf
 .text.cdc_read_buf_xmd
                0x000000000000101c       0x2c build/sparkfun-samd51-micromod/cdc_enumerate.o
                0x000000000000101c                cdc_read_buf_xmd
 .text.padded_memcpy
                0x0000000000001048       0x28 build/sparkfun-samd51-micromod/fat.o
                0x0000000000001048                padded_memcpy
 .text.read_block
                0x0000000000001070      0x1c8 build/sparkfun-samd51-micromod/fat.o
                0x0000000000001070                read_block
 .text.write_block
                0x0000000000001238      0x100 build/sparkfun-samd51-micromod/fat.o
                0x0000000000001238                write_block
 .text.startup.main
                0x0000000000001338      0x124 build/sparkfun-samd51-micromod/main.o
                0x0000000000001338                main
 .text.udi_msc_spc_testunitready
                0x000000000000145c       0x38 build/sparkfun-samd51-micromod/msc.o
 .text.handover_flash
                0x0000000000001494       0x34 build/sparkfun-samd51-micromod/msc.o
 .text.udi_msc_sbc_trans
                0x00000000000014c8       0xf0 build/sparkfun-samd51-micromod/msc.o
 .text.udi_msc_sense_fail.constprop.0
                0x00000000000015b8       0x30 build/sparkfun-samd51-micromod/msc.o
 .text.udi_msc_data_send
                0x00000000000015e8       0x6c build/sparkfun-samd51-micromod/msc.o
 .text.udi_msc_spc_mode_sense
                0x0000000000001654       0x74 build/sparkfun-samd51-micromod/msc.o
 .text.try_read_cbw
                0x00000000000016c8       0x28 build/sparkfun-samd51-micromod/msc.o
                0x00000000000016c8                try_read_cbw
 .text.handover
                0x00000000000016f0       0xfc build/sparkfun-samd51-micromod/msc.o
 .text.process_msc
                0x00000000000017ec      0x180 build/sparkfun-samd51-micromod/msc.o
                0x00000000000017ec                process_msc
 .text.handoverPrep
                0x000000000000196c       0x20 build/sparkfun-samd51-micromod/msc.o
                0x000000000000196c                handoverPrep
 .text.put_uint32
                0x000000000000198c       0x1c build/sparkfun-samd51-micromod/sam_ba_monitor.o
                0x000000000000198c                put_uint32
 .text.sam_ba_monitor_run
                0x00000000000019a8      0x334 build/sparkfun-samd51-micromod/sam_ba_monitor.o
                0x00000000000019a8                sam_ba_monitor_run
 .text.recv_hf2
                0x0000000000001cdc       0x54 build/sparkfun-samd51-micromod/hid.o
                0x0000000000001cdc                recv_hf2
 .text.send_hf2
                0x0000000000001d30       0x98 build/sparkfun-samd51-micromod/hid.o
                0x0000000000001d30                send_hf2
 .text.process_core
                0x0000000000001dc8      0x154 build/sparkfun-samd51-micromod/hid.o
                0x0000000000001dc8                process_core
 .text.process_hid
                0x0000000000001f1c       0x28 build/sparkfun-samd51-micromod/hid.o
                0x0000000000001f1c                process_hid
 .text.hidHandoverLoop
                0x0000000000001f44       0x24 build/sparkfun-samd51-micromod/hid.o
                0x0000000000001f44                hidHandoverLoop
 .text.memcpy   0x0000000000001f68       0x1c /usr/local/Cellar/gcc-arm-none-eabi/20200630/bin/../lib/gcc/arm-none-eabi/9.3.1/../../../../arm-none-eabi/lib/thumb/v7e-m/nofp/libg_nano.a(lib_a-memcpy-stub.o)
                0x0000000000001f68                memcpy
 .text.memset   0x0000000000001f84       0x10 /usr/local/Cellar/gcc-arm-none-eabi/20200630/bin/../lib/gcc/arm-none-eabi/9.3.1/../../../../arm-none-eabi/lib/thumb/v7e-m/nofp/libg_nano.a(lib_a-memset.o)
                0x0000000000001f84                memset
 .text          0x0000000000001f94       0x10 /usr/local/Cellar/gcc-arm-none-eabi/20200630/bin/../lib/gcc/arm-none-eabi/9.3.1/../../../../arm-none-eabi/lib/thumb/v7e-m/nofp/libg_nano.a(lib_a-strlen.o)
                0x0000000000001f94                strlen
 *(.glue_7t)
 .glue_7t       0x0000000000001fa4        0x0 linker stubs
 *(.glue_7)
 .glue_7        0x0000000000001fa4        0x0 linker stubs
 *(.rodata .rodata* .gnu.linkonce.r.*)
 .rodata.str1.4
                0x0000000000001fa4       0x31 build/sparkfun-samd51-micromod/cdc_enumerate.o
 *fill*         0x0000000000001fd5        0x3 
 .rodata        0x0000000000001fd8       0x10 build/sparkfun-samd51-micromod/cdc_enumerate.o
 .rodata.devDescriptor
                0x0000000000001fe8       0x12 build/sparkfun-samd51-micromod/cdc_enumerate.o
                0x0000000000001fe8                devDescriptor
 *fill*         0x0000000000001ffa        0x2 
 .rodata.hidDescriptor
                0x0000000000001ffc       0x21 build/sparkfun-samd51-micromod/cdc_enumerate.o
                0x0000000000001ffc                hidDescriptor
 *fill*         0x000000000000201d        0x3 
 .rodata.string_descriptors
                0x0000000000002020       0x10 build/sparkfun-samd51-micromod/cdc_enumerate.o
 .rodata.BootBlock
                0x0000000000002030       0x3e build/sparkfun-samd51-micromod/fat.o
 *fill*         0x000000000000206e        0x2 
 .rodata.indexFile
                0x0000000000002070       0x6e build/sparkfun-samd51-micromod/fat.o
                0x0000000000002070                indexFile
 *fill*         0x00000000000020de        0x2 
 .rodata.info   0x00000000000020e0       0x30 build/sparkfun-samd51-micromod/fat.o
 .rodata.infoUf2File
                0x0000000000002110       0x7a build/sparkfun-samd51-micromod/fat.o
                0x0000000000002110                infoUf2File
 .rodata.process_msc.str1.4
                0x000000000000218a       0x19 build/sparkfun-samd51-micromod/msc.o
 *fill*         0x000000000000218a        0x2 
 .rodata        0x000000000000218c        0xc build/sparkfun-samd51-micromod/msc.o
 .rodata.sam_ba_monitor_run.str1.4
                0x0000000000002198       0x14 build/sparkfun-samd51-micromod/sam_ba_monitor.o
 .rodata.fullVersion
                0x00000000000021ac       0x2a build/sparkfun-samd51-micromod/sam_ba_monitor.o
 *(.ARM.extab* .gnu.linkonce.armextab.*)
                0x00000000000021d8                . = ALIGN (0x4)
 *fill*         0x00000000000021d6        0x2 
 *(.init)
                0x00000000000021d8                . = ALIGN (0x4)
                0x00000000000021d8                __preinit_array_start = .
 *(.preinit_array)
                0x00000000000021d8                __preinit_array_end = .
                0x00000000000021d8                . = ALIGN (0x4)
                0x00000000000021d8                __init_array_start = .
 *(SORT_BY_NAME(.init_array.*))
 *(.init_array)
                0x00000000000021d8                __init_array_end = .
                0x00000000000021d8                . = ALIGN (0x4)
 *crtbegin.o(.ctors)
 *(EXCLUDE_FILE(*crtend.o) .ctors)
 *(SORT_BY_NAME(.ctors.*))
 *crtend.o(.ctors)
                0x00000000000021d8                . = ALIGN (0x4)
                0x00000000000021d8                _efixed = .
                [!provide]                        PROVIDE (__exidx_start = .)

.vfp11_veneer   0x00000000000021d8        0x0
 .vfp11_veneer  0x00000000000021d8        0x0 linker stubs

.v4_bx          0x00000000000021d8        0x0
 .v4_bx         0x00000000000021d8        0x0 linker stubs

.iplt           0x00000000000021d8        0x0
 .iplt          0x00000000000021d8        0x0 build/sparkfun-samd51-micromod/flash_samd51.o

.igot.plt       0x00000000000021d8        0x0
 .igot.plt      0x00000000000021d8        0x0 build/sparkfun-samd51-micromod/flash_samd51.o

.rel.dyn        0x00000000000021d8        0x0
 .rel.iplt      0x00000000000021d8        0x0 build/sparkfun-samd51-micromod/flash_samd51.o

.ARM.exidx
 *(.ARM.exidx* .gnu.linkonce.armexidx.*)
                [!provide]                        PROVIDE (__exidx_end = .)
                0x00000000000021d8                . = ALIGN (0x4)
                0x00000000000021d8                _etext = .

.relocate       0x0000000020000000      0x1d0 load address 0x00000000000021d8
                0x0000000020000000                . = ALIGN (0x4)
                0x0000000020000000                _srelocate = .
 *(.ramfunc .ramfunc.*)
 *(.data .data.*)
 .data.led_tick_step
                0x0000000020000000        0x1 build/sparkfun-samd51-micromod/utils.o
                0x0000000020000000                led_tick_step
 .data.limit    0x0000000020000001        0x1 build/sparkfun-samd51-micromod/utils.o
 *fill*         0x0000000020000002        0x2 
 .data.bosDescriptor
                0x0000000020000004       0x39 build/sparkfun-samd51-micromod/cdc_enumerate.o
 *fill*         0x000000002000003d        0x3 
 .data.cfgDescriptor
                0x0000000020000040       0x99 build/sparkfun-samd51-micromod/cdc_enumerate.o
                0x0000000020000040                cfgDescriptor
 *fill*         0x00000000200000d9        0x3 
 .data.hidCfgDescriptor
                0x00000000200000dc        0x9 build/sparkfun-samd51-micromod/cdc_enumerate.o
                0x00000000200000dc                hidCfgDescriptor
 *fill*         0x00000000200000e5        0x3 
 .data.line_coding
                0x00000000200000e8        0x8 build/sparkfun-samd51-micromod/cdc_enumerate.o
 .data.msOS20Descriptor
                0x00000000200000f0       0xaa build/sparkfun-samd51-micromod/cdc_enumerate.o
 *fill*         0x000000002000019a        0x2 
 .data.udi_msc_csw
                0x000000002000019c        0xd build/sparkfun-samd51-micromod/msc.o
 *fill*         0x00000000200001a9        0x3 
 .data.udi_msc_inquiry_data.17282
                0x00000000200001ac       0x24 build/sparkfun-samd51-micromod/msc.o
                0x00000000200001d0                . = ALIGN (0x4)
                0x00000000200001d0                _erelocate = .

.bss            0x00000000200001d0     0x1e0c load address 0x00000000000023a8
                0x00000000200001d0                . = ALIGN (0x4)
                0x00000000200001d0                _sbss = .
                0x00000000200001d0                _szero = .
 *(.bss .bss.*)
 .bss.crcCache  0x00000000200001d0      0x200 build/sparkfun-samd51-micromod/usart_sam_ba.o
 .bss.now       0x00000000200003d0        0x4 build/sparkfun-samd51-micromod/utils.o
 .bss.signal_end
                0x00000000200003d4        0x4 build/sparkfun-samd51-micromod/utils.o
 .bss.timerLow  0x00000000200003d8        0x4 build/sparkfun-samd51-micromod/utils.o
 .bss.currentConfiguration
                0x00000000200003dc        0x1 build/sparkfun-samd51-micromod/cdc_enumerate.o
 *fill*         0x00000000200003dd        0x3 
 .bss.serial_number
                0x00000000200003e0       0x21 build/sparkfun-samd51-micromod/cdc_enumerate.o
 *fill*         0x0000000020000401        0x1 
 .bss.wLength   0x0000000020000402        0x2 build/sparkfun-samd51-micromod/cdc_enumerate.o
 .bss.main_b_cdc_enable
                0x0000000020000404        0x1 build/sparkfun-samd51-micromod/main.o
 *fill*         0x0000000020000405        0x3 
 .bss.block_buffer
                0x0000000020000408      0x200 build/sparkfun-samd51-micromod/msc.o
 .bss.sense.17305
                0x0000000020000608       0x14 build/sparkfun-samd51-micromod/msc.o
 .bss.udi_msc_capacity.17315
                0x000000002000061c        0x8 build/sparkfun-samd51-micromod/msc.o
 .bss.udi_msc_cbw
                0x0000000020000624       0x1f build/sparkfun-samd51-micromod/msc.o
 *fill*         0x0000000020000643        0x1 
 .bss.udi_msc_sense
                0x0000000020000644       0x12 build/sparkfun-samd51-micromod/msc.o
 *fill*         0x0000000020000656        0x2 
 .bss.usbWriteState
                0x0000000020000658      0x218 build/sparkfun-samd51-micromod/msc.o
 .bss.b_sam_ba_interface_usart
                0x0000000020000870        0x1 build/sparkfun-samd51-micromod/sam_ba_monitor.o
                0x0000000020000870                b_sam_ba_interface_usart
 *fill*         0x0000000020000871        0x3 
 .bss.src_buff_addr.16727
                0x0000000020000874        0x4 build/sparkfun-samd51-micromod/sam_ba_monitor.o
 .bss.hidbufData
                0x0000000020000878      0x188 build/sparkfun-samd51-micromod/hid.o
 .bss.webbufData
                0x0000000020000a00      0x188 build/sparkfun-samd51-micromod/hid.o
 *(COMMON)
 COMMON         0x0000000020000b88     0x1080 build/sparkfun-samd51-micromod/flash_samd51.o
                0x0000000020000b88                block_erased
                0x0000000020000c08                row_same
 COMMON         0x0000000020001c08        0x8 build/sparkfun-samd51-micromod/utils.o
                0x0000000020001c08                timerHigh
                0x0000000020001c0c                resetHorizon
 COMMON         0x0000000020001c10      0x364 build/sparkfun-samd51-micromod/cdc_enumerate.o
                0x0000000020001c10                ctrlOutCache
                0x0000000020001c54                usb_endpoint_table
                0x0000000020001d54                endpointCache
 COMMON         0x0000000020001f74       0x68 build/sparkfun-samd51-micromod/sam_ba_monitor.o
                0x0000000020001f74                j
                0x0000000020001f78                length
                0x0000000020001f7c                ptr
                0x0000000020001f80                command
                0x0000000020001f84                i
                0x0000000020001f88                data
                0x0000000020001fcc                ptr_data
                0x0000000020001fd0                sp
                0x0000000020001fd4                current_number
                0x0000000020001fd8                u32tmp
                0x0000000020001fdc                . = ALIGN (0x4)
                0x0000000020001fdc                _ebss = .
                0x0000000020001fdc                _ezero = .

.stack          0x0000000020001fdc     0xc004 load address 0x00000000000041b4
                0x0000000020001fe0                . = ALIGN (0x8)
 *fill*         0x0000000020001fdc        0x4 
                0x0000000020001fe0                _sstack = .
                0x000000002000dfe0                . = (. + STACK_SIZE)
 *fill*         0x0000000020001fe0     0xc000 
                0x000000002000dfe0                . = ALIGN (0x8)
                0x000000002000dfe0                _estack = .
                0x000000002000dfe0                . = ALIGN (0x4)
                0x000000002000dfe0                _end = .
                0x0000000000003ff0                _binfo_start = 0x3ff0

.binfo          0x0000000000003ff0       0x10
 *(.binfo)
 .binfo         0x0000000000003ff0       0x10 build/sparkfun-samd51-micromod/msc.o
                0x0000000000003ff0                binfo
OUTPUT(build/sparkfun-samd51-micromod/bootloader-sparkfun-samd51-micromod-v3.4.0-65-gdf89a1f-dirty.elf elf32-littlearm)
LOAD linker stubs

.debug_info     0x0000000000000000    0x19f7d
 .debug_info    0x0000000000000000     0x1778 build/sparkfun-samd51-micromod/flash_samd51.o
 .debug_info    0x0000000000001778     0x35c8 build/sparkfun-samd51-micromod/init_samd51.o
 .debug_info    0x0000000000004d40      0xc4c build/sparkfun-samd51-micromod/startup_samd51.o
 .debug_info    0x000000000000598c     0x4c50 build/sparkfun-samd51-micromod/usart_sam_ba.o
 .debug_info    0x000000000000a5dc     0x1586 build/sparkfun-samd51-micromod/utils.o
 .debug_info    0x000000000000bb62     0x554d build/sparkfun-samd51-micromod/cdc_enumerate.o
 .debug_info    0x00000000000110af     0x1203 build/sparkfun-samd51-micromod/fat.o
 .debug_info    0x00000000000122b2     0x1669 build/sparkfun-samd51-micromod/main.o
 .debug_info    0x000000000001391b     0x4011 build/sparkfun-samd51-micromod/msc.o
 .debug_info    0x000000000001792c     0x10af build/sparkfun-samd51-micromod/sam_ba_monitor.o
 .debug_info    0x00000000000189db     0x15a2 build/sparkfun-samd51-micromod/hid.o

.debug_abbrev   0x0000000000000000     0x2d67
 .debug_abbrev  0x0000000000000000      0x3a7 build/sparkfun-samd51-micromod/flash_samd51.o
 .debug_abbrev  0x00000000000003a7      0x344 build/sparkfun-samd51-micromod/init_samd51.o
 .debug_abbrev  0x00000000000006eb      0x17d build/sparkfun-samd51-micromod/startup_samd51.o
 .debug_abbrev  0x0000000000000868      0x614 build/sparkfun-samd51-micromod/usart_sam_ba.o
 .debug_abbrev  0x0000000000000e7c      0x3e7 build/sparkfun-samd51-micromod/utils.o
 .debug_abbrev  0x0000000000001263      0x55b build/sparkfun-samd51-micromod/cdc_enumerate.o
 .debug_abbrev  0x00000000000017be      0x3bd build/sparkfun-samd51-micromod/fat.o
 .debug_abbrev  0x0000000000001b7b      0x39f build/sparkfun-samd51-micromod/main.o
 .debug_abbrev  0x0000000000001f1a      0x619 build/sparkfun-samd51-micromod/msc.o
 .debug_abbrev  0x0000000000002533      0x3e6 build/sparkfun-samd51-micromod/sam_ba_monitor.o
 .debug_abbrev  0x0000000000002919      0x44e build/sparkfun-samd51-micromod/hid.o

.debug_loc      0x0000000000000000     0x4d97
 .debug_loc     0x0000000000000000      0x5c0 build/sparkfun-samd51-micromod/flash_samd51.o
 .debug_loc     0x00000000000005c0       0x45 build/sparkfun-samd51-micromod/init_samd51.o
 .debug_loc     0x0000000000000605       0x62 build/sparkfun-samd51-micromod/startup_samd51.o
 .debug_loc     0x0000000000000667      0xb50 build/sparkfun-samd51-micromod/usart_sam_ba.o
 .debug_loc     0x00000000000011b7      0x17f build/sparkfun-samd51-micromod/utils.o
 .debug_loc     0x0000000000001336     0x1dbb build/sparkfun-samd51-micromod/cdc_enumerate.o
 .debug_loc     0x00000000000030f1      0x909 build/sparkfun-samd51-micromod/fat.o
 .debug_loc     0x00000000000039fa       0xa4 build/sparkfun-samd51-micromod/main.o
 .debug_loc     0x0000000000003a9e      0x631 build/sparkfun-samd51-micromod/msc.o
 .debug_loc     0x00000000000040cf      0x2d7 build/sparkfun-samd51-micromod/sam_ba_monitor.o
 .debug_loc     0x00000000000043a6      0x9f1 build/sparkfun-samd51-micromod/hid.o

.debug_aranges  0x0000000000000000      0x370
 .debug_aranges
                0x0000000000000000       0x40 build/sparkfun-samd51-micromod/flash_samd51.o
 .debug_aranges
                0x0000000000000040       0x28 build/sparkfun-samd51-micromod/init_samd51.o
 .debug_aranges
                0x0000000000000068       0x28 build/sparkfun-samd51-micromod/startup_samd51.o
 .debug_aranges
                0x0000000000000090       0x88 build/sparkfun-samd51-micromod/usart_sam_ba.o
 .debug_aranges
                0x0000000000000118       0x70 build/sparkfun-samd51-micromod/utils.o
 .debug_aranges
                0x0000000000000188       0x90 build/sparkfun-samd51-micromod/cdc_enumerate.o
 .debug_aranges
                0x0000000000000218       0x30 build/sparkfun-samd51-micromod/fat.o
 .debug_aranges
                0x0000000000000248       0x20 build/sparkfun-samd51-micromod/main.o
 .debug_aranges
                0x0000000000000268       0x80 build/sparkfun-samd51-micromod/msc.o
 .debug_aranges
                0x00000000000002e8       0x40 build/sparkfun-samd51-micromod/sam_ba_monitor.o
 .debug_aranges
                0x0000000000000328       0x48 build/sparkfun-samd51-micromod/hid.o

.debug_ranges   0x0000000000000000      0xe30
 .debug_ranges  0x0000000000000000       0x90 build/sparkfun-samd51-micromod/flash_samd51.o
 .debug_ranges  0x0000000000000090       0x50 build/sparkfun-samd51-micromod/init_samd51.o
 .debug_ranges  0x00000000000000e0       0x18 build/sparkfun-samd51-micromod/startup_samd51.o
 .debug_ranges  0x00000000000000f8      0x2f0 build/sparkfun-samd51-micromod/usart_sam_ba.o
 .debug_ranges  0x00000000000003e8       0x90 build/sparkfun-samd51-micromod/utils.o
 .debug_ranges  0x0000000000000478      0x270 build/sparkfun-samd51-micromod/cdc_enumerate.o
 .debug_ranges  0x00000000000006e8      0x128 build/sparkfun-samd51-micromod/fat.o
 .debug_ranges  0x0000000000000810       0x28 build/sparkfun-samd51-micromod/main.o
 .debug_ranges  0x0000000000000838      0x408 build/sparkfun-samd51-micromod/msc.o
 .debug_ranges  0x0000000000000c40       0xa0 build/sparkfun-samd51-micromod/sam_ba_monitor.o
 .debug_ranges  0x0000000000000ce0      0x150 build/sparkfun-samd51-micromod/hid.o

.debug_line     0x0000000000000000     0x50c7
 .debug_line    0x0000000000000000      0x5be build/sparkfun-samd51-micromod/flash_samd51.o
 .debug_line    0x00000000000005be      0x43c build/sparkfun-samd51-micromod/init_samd51.o
 .debug_line    0x00000000000009fa      0x1ff build/sparkfun-samd51-micromod/startup_samd51.o
 .debug_line    0x0000000000000bf9      0xc19 build/sparkfun-samd51-micromod/usart_sam_ba.o
 .debug_line    0x0000000000001812      0x554 build/sparkfun-samd51-micromod/utils.o
 .debug_line    0x0000000000001d66      0xfcc build/sparkfun-samd51-micromod/cdc_enumerate.o
 .debug_line    0x0000000000002d32      0x6bb build/sparkfun-samd51-micromod/fat.o
 .debug_line    0x00000000000033ed      0x473 build/sparkfun-samd51-micromod/main.o
 .debug_line    0x0000000000003860      0xbb2 build/sparkfun-samd51-micromod/msc.o
 .debug_line    0x0000000000004412      0x6ed build/sparkfun-samd51-micromod/sam_ba_monitor.o
 .debug_line    0x0000000000004aff      0x5c8 build/sparkfun-samd51-micromod/hid.o

.debug_str      0x0000000000000000     0x497c
 .debug_str     0x0000000000000000      0x8b0 build/sparkfun-samd51-micromod/flash_samd51.o
                                        0x99e (size before relaxing)
 .debug_str     0x00000000000008b0      0xee4 build/sparkfun-samd51-micromod/init_samd51.o
                                       0x17ca (size before relaxing)
 .debug_str     0x0000000000001794      0xb15 build/sparkfun-samd51-micromod/startup_samd51.o
                                        0xd5a (size before relaxing)
 .debug_str     0x00000000000022a9      0xb99 build/sparkfun-samd51-micromod/usart_sam_ba.o
                                       0x161c (size before relaxing)
 .debug_str     0x0000000000002e42       0xc3 build/sparkfun-samd51-micromod/utils.o
                                        0x91a (size before relaxing)
 .debug_str     0x0000000000002f05      0xa75 build/sparkfun-samd51-micromod/cdc_enumerate.o
                                       0x178d (size before relaxing)
 .debug_str     0x000000000000397a      0x29f build/sparkfun-samd51-micromod/fat.o
                                        0x91d (size before relaxing)
 .debug_str     0x0000000000003c19       0xdf build/sparkfun-samd51-micromod/main.o
                                        0x986 (size before relaxing)
 .debug_str     0x0000000000003cf8      0x9dc build/sparkfun-samd51-micromod/msc.o
                                       0x1903 (size before relaxing)
 .debug_str     0x00000000000046d4       0xa9 build/sparkfun-samd51-micromod/sam_ba_monitor.o
                                        0x7c6 (size before relaxing)
 .debug_str     0x000000000000477d      0x1ff build/sparkfun-samd51-micromod/hid.o
                                        0x908 (size before relaxing)

.comment        0x0000000000000000       0x4c
 .comment       0x0000000000000000       0x4c build/sparkfun-samd51-micromod/flash_samd51.o
                                         0x4d (size before relaxing)
 .comment       0x000000000000004c       0x4d build/sparkfun-samd51-micromod/init_samd51.o
 .comment       0x000000000000004c       0x4d build/sparkfun-samd51-micromod/startup_samd51.o
 .comment       0x000000000000004c       0x4d build/sparkfun-samd51-micromod/usart_sam_ba.o
 .comment       0x000000000000004c       0x4d build/sparkfun-samd51-micromod/utils.o
 .comment       0x000000000000004c       0x4d build/sparkfun-samd51-micromod/cdc_enumerate.o
 .comment       0x000000000000004c       0x4d build/sparkfun-samd51-micromod/fat.o
 .comment       0x000000000000004c       0x4d build/sparkfun-samd51-micromod/main.o
 .comment       0x000000000000004c       0x4d build/sparkfun-samd51-micromod/msc.o
 .comment       0x000000000000004c       0x4d build/sparkfun-samd51-micromod/sam_ba_monitor.o
 .comment       0x000000000000004c       0x4d build/sparkfun-samd51-micromod/hid.o

.ARM.attributes
                0x0000000000000000       0x2c
 .ARM.attributes
                0x0000000000000000       0x2e build/sparkfun-samd51-micromod/flash_samd51.o
 .ARM.attributes
                0x000000000000002e       0x2e build/sparkfun-samd51-micromod/init_samd51.o
 .ARM.attributes
                0x000000000000005c       0x2e build/sparkfun-samd51-micromod/startup_samd51.o
 .ARM.attributes
                0x000000000000008a       0x2e build/sparkfun-samd51-micromod/usart_sam_ba.o
 .ARM.attributes
                0x00000000000000b8       0x2e build/sparkfun-samd51-micromod/utils.o
 .ARM.attributes
                0x00000000000000e6       0x2e build/sparkfun-samd51-micromod/cdc_enumerate.o
 .ARM.attributes
                0x0000000000000114       0x2e build/sparkfun-samd51-micromod/fat.o
 .ARM.attributes
                0x0000000000000142       0x2e build/sparkfun-samd51-micromod/main.o
 .ARM.attributes
                0x0000000000000170       0x2e build/sparkfun-samd51-micromod/msc.o
 .ARM.attributes
                0x000000000000019e       0x2e build/sparkfun-samd51-micromod/sam_ba_monitor.o
 .ARM.attributes
                0x00000000000001cc       0x2e build/sparkfun-samd51-micromod/hid.o
 .ARM.attributes
                0x00000000000001fa       0x2e /usr/local/Cellar/gcc-arm-none-eabi/20200630/bin/../lib/gcc/arm-none-eabi/9.3.1/../../../../arm-none-eabi/lib/thumb/v7e-m/nofp/libg_nano.a(lib_a-memcpy-stub.o)
 .ARM.attributes
                0x0000000000000228       0x2e /usr/local/Cellar/gcc-arm-none-eabi/20200630/bin/../lib/gcc/arm-none-eabi/9.3.1/../../../../arm-none-eabi/lib/thumb/v7e-m/nofp/libg_nano.a(lib_a-memset.o)
 .ARM.attributes
                0x0000000000000256       0x17 /usr/local/Cellar/gcc-arm-none-eabi/20200630/bin/../lib/gcc/arm-none-eabi/9.3.1/../../../../arm-none-eabi/lib/thumb/v7e-m/nofp/libg_nano.a(lib_a-strlen.o)

.debug_frame    0x0000000000000000      0x9e4
 .debug_frame   0x0000000000000000       0xa0 build/sparkfun-samd51-micromod/flash_samd51.o
 .debug_frame   0x00000000000000a0       0x40 build/sparkfun-samd51-micromod/init_samd51.o
 .debug_frame   0x00000000000000e0       0x38 build/sparkfun-samd51-micromod/startup_samd51.o
 .debug_frame   0x0000000000000118      0x1b0 build/sparkfun-samd51-micromod/usart_sam_ba.o
 .debug_frame   0x00000000000002c8      0x108 build/sparkfun-samd51-micromod/utils.o
 .debug_frame   0x00000000000003d0      0x1c4 build/sparkfun-samd51-micromod/cdc_enumerate.o
 .debug_frame   0x0000000000000594       0x8c build/sparkfun-samd51-micromod/fat.o
 .debug_frame   0x0000000000000620       0x30 build/sparkfun-samd51-micromod/main.o
 .debug_frame   0x0000000000000650      0x1b0 build/sparkfun-samd51-micromod/msc.o
 .debug_frame   0x0000000000000800       0x90 build/sparkfun-samd51-micromod/sam_ba_monitor.o
 .debug_frame   0x0000000000000890      0x10c build/sparkfun-samd51-micromod/hid.o
 .debug_frame   0x000000000000099c       0x28 /usr/local/Cellar/gcc-arm-none-eabi/20200630/bin/../lib/gcc/arm-none-eabi/9.3.1/../../../../arm-none-eabi/lib/thumb/v7e-m/nofp/libg_nano.a(lib_a-memcpy-stub.o)
 .debug_frame   0x00000000000009c4       0x20 /usr/local/Cellar/gcc-arm-none-eabi/20200630/bin/../lib/gcc/arm-none-eabi/9.3.1/../../../../arm-none-eabi/lib/thumb/v7e-m/nofp/libg_nano.a(lib_a-memset.o)

Cross Reference Table

Symbol                                            File
AC_Handler                                        build/sparkfun-samd51-micromod/startup_samd51.o
ADC0_0_Handler                                    build/sparkfun-samd51-micromod/startup_samd51.o
ADC0_1_Handler                                    build/sparkfun-samd51-micromod/startup_samd51.o
ADC1_0_Handler                                    build/sparkfun-samd51-micromod/startup_samd51.o
ADC1_1_Handler                                    build/sparkfun-samd51-micromod/startup_samd51.o
AES_Handler                                       build/sparkfun-samd51-micromod/startup_samd51.o
AT91F_InitUSB                                     build/sparkfun-samd51-micromod/cdc_enumerate.o
AT91F_USB_SendZlp                                 build/sparkfun-samd51-micromod/cdc_enumerate.o
BusFault_Handler                                  build/sparkfun-samd51-micromod/startup_samd51.o
DAC_0_Handler                                     build/sparkfun-samd51-micromod/startup_samd51.o
DAC_1_Handler                                     build/sparkfun-samd51-micromod/startup_samd51.o
DAC_2_Handler                                     build/sparkfun-samd51-micromod/startup_samd51.o
DAC_3_Handler                                     build/sparkfun-samd51-micromod/startup_samd51.o
DAC_4_Handler                                     build/sparkfun-samd51-micromod/startup_samd51.o
DMAC_0_Handler                                    build/sparkfun-samd51-micromod/startup_samd51.o
DMAC_1_Handler                                    build/sparkfun-samd51-micromod/startup_samd51.o
DMAC_2_Handler                                    build/sparkfun-samd51-micromod/startup_samd51.o
DMAC_3_Handler                                    build/sparkfun-samd51-micromod/startup_samd51.o
DMAC_4_Handler                                    build/sparkfun-samd51-micromod/startup_samd51.o
DebugMon_Handler                                  build/sparkfun-samd51-micromod/startup_samd51.o
Dummy_Handler                                     build/sparkfun-samd51-micromod/startup_samd51.o
EIC_0_Handler                                     build/sparkfun-samd51-micromod/startup_samd51.o
EIC_10_Handler                                    build/sparkfun-samd51-micromod/startup_samd51.o
EIC_11_Handler                                    build/sparkfun-samd51-micromod/startup_samd51.o
EIC_12_Handler                                    build/sparkfun-samd51-micromod/startup_samd51.o
EIC_13_Handler                                    build/sparkfun-samd51-micromod/startup_samd51.o
EIC_14_Handler                                    build/sparkfun-samd51-micromod/startup_samd51.o
EIC_15_Handler                                    build/sparkfun-samd51-micromod/startup_samd51.o
EIC_1_Handler                                     build/sparkfun-samd51-micromod/startup_samd51.o
EIC_2_Handler                                     build/sparkfun-samd51-micromod/startup_samd51.o
EIC_3_Handler                                     build/sparkfun-samd51-micromod/startup_samd51.o
EIC_4_Handler                                     build/sparkfun-samd51-micromod/startup_samd51.o
EIC_5_Handler                                     build/sparkfun-samd51-micromod/startup_samd51.o
EIC_6_Handler                                     build/sparkfun-samd51-micromod/startup_samd51.o
EIC_7_Handler                                     build/sparkfun-samd51-micromod/startup_samd51.o
EIC_8_Handler                                     build/sparkfun-samd51-micromod/startup_samd51.o
EIC_9_Handler                                     build/sparkfun-samd51-micromod/startup_samd51.o
EVSYS_0_Handler                                   build/sparkfun-samd51-micromod/startup_samd51.o
EVSYS_1_Handler                                   build/sparkfun-samd51-micromod/startup_samd51.o
EVSYS_2_Handler                                   build/sparkfun-samd51-micromod/startup_samd51.o
EVSYS_3_Handler                                   build/sparkfun-samd51-micromod/startup_samd51.o
EVSYS_4_Handler                                   build/sparkfun-samd51-micromod/startup_samd51.o
FREQM_Handler                                     build/sparkfun-samd51-micromod/startup_samd51.o
HardFault_Handler                                 build/sparkfun-samd51-micromod/startup_samd51.o
I2S_Handler                                       build/sparkfun-samd51-micromod/startup_samd51.o
ICM_Handler                                       build/sparkfun-samd51-micromod/startup_samd51.o
MCLK_Handler                                      build/sparkfun-samd51-micromod/startup_samd51.o
MemManage_Handler                                 build/sparkfun-samd51-micromod/startup_samd51.o
NMI_Handler                                       build/sparkfun-samd51-micromod/startup_samd51.o
NVMCTRL_0_Handler                                 build/sparkfun-samd51-micromod/startup_samd51.o
NVMCTRL_1_Handler                                 build/sparkfun-samd51-micromod/startup_samd51.o
OSC32KCTRL_Handler                                build/sparkfun-samd51-micromod/startup_samd51.o
OSCCTRL_0_Handler                                 build/sparkfun-samd51-micromod/startup_samd51.o
OSCCTRL_1_Handler                                 build/sparkfun-samd51-micromod/startup_samd51.o
OSCCTRL_2_Handler                                 build/sparkfun-samd51-micromod/startup_samd51.o
OSCCTRL_3_Handler                                 build/sparkfun-samd51-micromod/startup_samd51.o
OSCCTRL_4_Handler                                 build/sparkfun-samd51-micromod/startup_samd51.o
PAC_Handler                                       build/sparkfun-samd51-micromod/startup_samd51.o
PCC_Handler                                       build/sparkfun-samd51-micromod/startup_samd51.o
PDEC_0_Handler                                    build/sparkfun-samd51-micromod/startup_samd51.o
PDEC_1_Handler                                    build/sparkfun-samd51-micromod/startup_samd51.o
PDEC_2_Handler                                    build/sparkfun-samd51-micromod/startup_samd51.o
PM_Handler                                        build/sparkfun-samd51-micromod/startup_samd51.o
PUKCC_Handler                                     build/sparkfun-samd51-micromod/startup_samd51.o
PendSV_Handler                                    build/sparkfun-samd51-micromod/startup_samd51.o
QSPI_Handler                                      build/sparkfun-samd51-micromod/startup_samd51.o
RAMECC_Handler                                    build/sparkfun-samd51-micromod/startup_samd51.o
RGBLED_set_color                                  build/sparkfun-samd51-micromod/utils.o
                                                  build/sparkfun-samd51-micromod/sam_ba_monitor.o
                                                  build/sparkfun-samd51-micromod/main.o
RTC_Handler                                       build/sparkfun-samd51-micromod/startup_samd51.o
Reset_Handler                                     build/sparkfun-samd51-micromod/startup_samd51.o
SDHC0_Handler                                     build/sparkfun-samd51-micromod/startup_samd51.o
SERCOM0_0_Handler                                 build/sparkfun-samd51-micromod/startup_samd51.o
SERCOM0_1_Handler                                 build/sparkfun-samd51-micromod/startup_samd51.o
SERCOM0_2_Handler                                 build/sparkfun-samd51-micromod/startup_samd51.o
SERCOM0_3_Handler                                 build/sparkfun-samd51-micromod/startup_samd51.o
SERCOM1_0_Handler                                 build/sparkfun-samd51-micromod/startup_samd51.o
SERCOM1_1_Handler                                 build/sparkfun-samd51-micromod/startup_samd51.o
SERCOM1_2_Handler                                 build/sparkfun-samd51-micromod/startup_samd51.o
SERCOM1_3_Handler                                 build/sparkfun-samd51-micromod/startup_samd51.o
SERCOM2_0_Handler                                 build/sparkfun-samd51-micromod/startup_samd51.o
SERCOM2_1_Handler                                 build/sparkfun-samd51-micromod/startup_samd51.o
SERCOM2_2_Handler                                 build/sparkfun-samd51-micromod/startup_samd51.o
SERCOM2_3_Handler                                 build/sparkfun-samd51-micromod/startup_samd51.o
SERCOM3_0_Handler                                 build/sparkfun-samd51-micromod/startup_samd51.o
SERCOM3_1_Handler                                 build/sparkfun-samd51-micromod/startup_samd51.o
SERCOM3_2_Handler                                 build/sparkfun-samd51-micromod/startup_samd51.o
SERCOM3_3_Handler                                 build/sparkfun-samd51-micromod/startup_samd51.o
SERCOM4_0_Handler                                 build/sparkfun-samd51-micromod/startup_samd51.o
SERCOM4_1_Handler                                 build/sparkfun-samd51-micromod/startup_samd51.o
SERCOM4_2_Handler                                 build/sparkfun-samd51-micromod/startup_samd51.o
SERCOM4_3_Handler                                 build/sparkfun-samd51-micromod/startup_samd51.o
SERCOM5_0_Handler                                 build/sparkfun-samd51-micromod/startup_samd51.o
SERCOM5_1_Handler                                 build/sparkfun-samd51-micromod/startup_samd51.o
SERCOM5_2_Handler                                 build/sparkfun-samd51-micromod/startup_samd51.o
SERCOM5_3_Handler                                 build/sparkfun-samd51-micromod/startup_samd51.o
SUPC_0_Handler                                    build/sparkfun-samd51-micromod/startup_samd51.o
SUPC_1_Handler                                    build/sparkfun-samd51-micromod/startup_samd51.o
SVC_Handler                                       build/sparkfun-samd51-micromod/startup_samd51.o
SysTick_Handler                                   build/sparkfun-samd51-micromod/init_samd51.o
TAL_0_Handler                                     build/sparkfun-samd51-micromod/startup_samd51.o
TAL_1_Handler                                     build/sparkfun-samd51-micromod/startup_samd51.o
TC0_Handler                                       build/sparkfun-samd51-micromod/startup_samd51.o
TC1_Handler                                       build/sparkfun-samd51-micromod/startup_samd51.o
TC2_Handler                                       build/sparkfun-samd51-micromod/startup_samd51.o
TC3_Handler                                       build/sparkfun-samd51-micromod/startup_samd51.o
TC4_Handler                                       build/sparkfun-samd51-micromod/startup_samd51.o
TC5_Handler                                       build/sparkfun-samd51-micromod/startup_samd51.o
TCC0_0_Handler                                    build/sparkfun-samd51-micromod/startup_samd51.o
TCC0_1_Handler                                    build/sparkfun-samd51-micromod/startup_samd51.o
TCC0_2_Handler                                    build/sparkfun-samd51-micromod/startup_samd51.o
TCC0_3_Handler                                    build/sparkfun-samd51-micromod/startup_samd51.o
TCC0_4_Handler                                    build/sparkfun-samd51-micromod/startup_samd51.o
TCC0_5_Handler                                    build/sparkfun-samd51-micromod/startup_samd51.o
TCC0_6_Handler                                    build/sparkfun-samd51-micromod/startup_samd51.o
TCC1_0_Handler                                    build/sparkfun-samd51-micromod/startup_samd51.o
TCC1_1_Handler                                    build/sparkfun-samd51-micromod/startup_samd51.o
TCC1_2_Handler                                    build/sparkfun-samd51-micromod/startup_samd51.o
TCC1_3_Handler                                    build/sparkfun-samd51-micromod/startup_samd51.o
TCC1_4_Handler                                    build/sparkfun-samd51-micromod/startup_samd51.o
TCC2_0_Handler                                    build/sparkfun-samd51-micromod/startup_samd51.o
TCC2_1_Handler                                    build/sparkfun-samd51-micromod/startup_samd51.o
TCC2_2_Handler                                    build/sparkfun-samd51-micromod/startup_samd51.o
TCC2_3_Handler                                    build/sparkfun-samd51-micromod/startup_samd51.o
TCC3_0_Handler                                    build/sparkfun-samd51-micromod/startup_samd51.o
TCC3_1_Handler                                    build/sparkfun-samd51-micromod/startup_samd51.o
TCC3_2_Handler                                    build/sparkfun-samd51-micromod/startup_samd51.o
TCC4_0_Handler                                    build/sparkfun-samd51-micromod/startup_samd51.o
TCC4_1_Handler                                    build/sparkfun-samd51-micromod/startup_samd51.o
TCC4_2_Handler                                    build/sparkfun-samd51-micromod/startup_samd51.o
TRNG_Handler                                      build/sparkfun-samd51-micromod/startup_samd51.o
USB_0_Handler                                     build/sparkfun-samd51-micromod/startup_samd51.o
USB_1_Handler                                     build/sparkfun-samd51-micromod/startup_samd51.o
USB_2_Handler                                     build/sparkfun-samd51-micromod/startup_samd51.o
USB_3_Handler                                     build/sparkfun-samd51-micromod/startup_samd51.o
USB_Ok                                            build/sparkfun-samd51-micromod/cdc_enumerate.o
                                                  build/sparkfun-samd51-micromod/msc.o
                                                  build/sparkfun-samd51-micromod/main.o
USB_Read                                          build/sparkfun-samd51-micromod/cdc_enumerate.o
USB_ReadBlocking                                  build/sparkfun-samd51-micromod/cdc_enumerate.o
                                                  build/sparkfun-samd51-micromod/msc.o
USB_ReadCore                                      build/sparkfun-samd51-micromod/cdc_enumerate.o
                                                  build/sparkfun-samd51-micromod/hid.o
                                                  build/sparkfun-samd51-micromod/msc.o
USB_Write                                         build/sparkfun-samd51-micromod/cdc_enumerate.o
                                                  build/sparkfun-samd51-micromod/msc.o
USB_WriteCore                                     build/sparkfun-samd51-micromod/cdc_enumerate.o
                                                  build/sparkfun-samd51-micromod/hid.o
                                                  build/sparkfun-samd51-micromod/msc.o
UsageFault_Handler                                build/sparkfun-samd51-micromod/startup_samd51.o
WDT_Handler                                       build/sparkfun-samd51-micromod/startup_samd51.o
_erelocate                                        build/sparkfun-samd51-micromod/startup_samd51.o
_estack                                           build/sparkfun-samd51-micromod/startup_samd51.o
_etext                                            build/sparkfun-samd51-micromod/startup_samd51.o
_ezero                                            build/sparkfun-samd51-micromod/startup_samd51.o
_sfixed                                           build/sparkfun-samd51-micromod/startup_samd51.o
_srelocate                                        build/sparkfun-samd51-micromod/startup_samd51.o
_szero                                            build/sparkfun-samd51-micromod/startup_samd51.o
add_crc                                           build/sparkfun-samd51-micromod/usart_sam_ba.o
                                                  build/sparkfun-samd51-micromod/hid.o
                                                  build/sparkfun-samd51-micromod/sam_ba_monitor.o
arrowLogo                                         build/sparkfun-samd51-micromod/images.o
b_sam_ba_interface_usart                          build/sparkfun-samd51-micromod/sam_ba_monitor.o
b_sharp_received                                  build/sparkfun-samd51-micromod/usart_sam_ba.o
binfo                                             build/sparkfun-samd51-micromod/msc.o
block_erased                                      build/sparkfun-samd51-micromod/flash_samd51.o
buffer_rx_usart                                   build/sparkfun-samd51-micromod/usart_sam_ba.o
buffer_tx_usart                                   build/sparkfun-samd51-micromod/usart_sam_ba.o
call_applet                                       build/sparkfun-samd51-micromod/sam_ba_monitor.o
cdc_is_rx_ready                                   build/sparkfun-samd51-micromod/cdc_enumerate.o
cdc_read_buf                                      build/sparkfun-samd51-micromod/cdc_enumerate.o
                                                  build/sparkfun-samd51-micromod/sam_ba_monitor.o
cdc_read_buf_xmd                                  build/sparkfun-samd51-micromod/cdc_enumerate.o
                                                  build/sparkfun-samd51-micromod/sam_ba_monitor.o
cdc_write_buf                                     build/sparkfun-samd51-micromod/cdc_enumerate.o
                                                  build/sparkfun-samd51-micromod/sam_ba_monitor.o
cdc_write_buf_xmd                                 build/sparkfun-samd51-micromod/cdc_enumerate.o
                                                  build/sparkfun-samd51-micromod/sam_ba_monitor.o
cfgDescriptor                                     build/sparkfun-samd51-micromod/cdc_enumerate.o
command                                           build/sparkfun-samd51-micromod/sam_ba_monitor.o
copy_words                                        build/sparkfun-samd51-micromod/flash_samd51.o
                                                  build/sparkfun-samd51-micromod/hid.o
ctrlOutCache                                      build/sparkfun-samd51-micromod/cdc_enumerate.o
current_number                                    build/sparkfun-samd51-micromod/sam_ba_monitor.o
data                                              build/sparkfun-samd51-micromod/sam_ba_monitor.o
delay                                             build/sparkfun-samd51-micromod/utils.o
                                                  build/sparkfun-samd51-micromod/main.o
devDescriptor                                     build/sparkfun-samd51-micromod/cdc_enumerate.o
endpointCache                                     build/sparkfun-samd51-micromod/cdc_enumerate.o
error_timeout                                     build/sparkfun-samd51-micromod/usart_sam_ba.o
exception_table                                   build/sparkfun-samd51-micromod/startup_samd51.o
fileLogo                                          build/sparkfun-samd51-micromod/images.o
flash_erase_block                                 build/sparkfun-samd51-micromod/flash_samd51.o
flash_erase_to_end                                build/sparkfun-samd51-micromod/flash_samd51.o
                                                  build/sparkfun-samd51-micromod/sam_ba_monitor.o
flash_write_row                                   build/sparkfun-samd51-micromod/flash_samd51.o
                                                  build/sparkfun-samd51-micromod/hid.o
                                                  build/sparkfun-samd51-micromod/fat.o
flash_write_words                                 build/sparkfun-samd51-micromod/flash_samd51.o
                                                  build/sparkfun-samd51-micromod/sam_ba_monitor.o
font8                                             build/sparkfun-samd51-micromod/images.o
getPacket                                         build/sparkfun-samd51-micromod/usart_sam_ba.o
handoverPrep                                      build/sparkfun-samd51-micromod/msc.o
                                                  build/sparkfun-samd51-micromod/hid.o
hidCfgDescriptor                                  build/sparkfun-samd51-micromod/cdc_enumerate.o
hidDescriptor                                     build/sparkfun-samd51-micromod/cdc_enumerate.o
hidHandoverLoop                                   build/sparkfun-samd51-micromod/hid.o
                                                  build/sparkfun-samd51-micromod/msc.o
i                                                 build/sparkfun-samd51-micromod/sam_ba_monitor.o
idx_rx_read                                       build/sparkfun-samd51-micromod/usart_sam_ba.o
idx_rx_write                                      build/sparkfun-samd51-micromod/usart_sam_ba.o
idx_tx_read                                       build/sparkfun-samd51-micromod/usart_sam_ba.o
idx_tx_write                                      build/sparkfun-samd51-micromod/usart_sam_ba.o
indexFile                                         build/sparkfun-samd51-micromod/fat.o
infoUf2File                                       build/sparkfun-samd51-micromod/fat.o
                                                  build/sparkfun-samd51-micromod/hid.o
                                                  build/sparkfun-samd51-micromod/msc.o
j                                                 build/sparkfun-samd51-micromod/sam_ba_monitor.o
led_init                                          build/sparkfun-samd51-micromod/utils.o
                                                  build/sparkfun-samd51-micromod/main.o
led_signal                                        build/sparkfun-samd51-micromod/utils.o
                                                  build/sparkfun-samd51-micromod/sam_ba_monitor.o
                                                  build/sparkfun-samd51-micromod/msc.o
led_tick                                          build/sparkfun-samd51-micromod/utils.o
                                                  build/sparkfun-samd51-micromod/init_samd51.o
led_tick_step                                     build/sparkfun-samd51-micromod/utils.o
                                                  build/sparkfun-samd51-micromod/main.o
length                                            build/sparkfun-samd51-micromod/sam_ba_monitor.o
main                                              build/sparkfun-samd51-micromod/main.o
                                                  build/sparkfun-samd51-micromod/startup_samd51.o
memcpy                                            /usr/local/Cellar/gcc-arm-none-eabi/20200630/bin/../lib/gcc/arm-none-eabi/9.3.1/../../../../arm-none-eabi/lib/thumb/v7e-m/nofp/libg_nano.a(lib_a-memcpy-stub.o)
                                                  build/sparkfun-samd51-micromod/hid.o
                                                  build/sparkfun-samd51-micromod/sam_ba_monitor.o
                                                  build/sparkfun-samd51-micromod/fat.o
                                                  build/sparkfun-samd51-micromod/cdc_enumerate.o
                                                  build/sparkfun-samd51-micromod/flash_samd51.o
memset                                            /usr/local/Cellar/gcc-arm-none-eabi/20200630/bin/../lib/gcc/arm-none-eabi/9.3.1/../../../../arm-none-eabi/lib/thumb/v7e-m/nofp/libg_nano.a(lib_a-memset.o)
                                                  build/sparkfun-samd51-micromod/hid.o
                                                  build/sparkfun-samd51-micromod/msc.o
                                                  build/sparkfun-samd51-micromod/fat.o
                                                  build/sparkfun-samd51-micromod/cdc_enumerate.o
mode_of_transfer                                  build/sparkfun-samd51-micromod/usart_sam_ba.o
mscReset                                          build/sparkfun-samd51-micromod/msc.o
msc_reset                                         build/sparkfun-samd51-micromod/msc.o
padded_memcpy                                     build/sparkfun-samd51-micromod/fat.o
                                                  build/sparkfun-samd51-micromod/msc.o
panic                                             build/sparkfun-samd51-micromod/utils.o
pendriveLogo                                      build/sparkfun-samd51-micromod/images.o
process_core                                      build/sparkfun-samd51-micromod/hid.o
process_hid                                       build/sparkfun-samd51-micromod/hid.o
                                                  build/sparkfun-samd51-micromod/msc.o
process_msc                                       build/sparkfun-samd51-micromod/msc.o
                                                  build/sparkfun-samd51-micromod/sam_ba_monitor.o
ptr                                               build/sparkfun-samd51-micromod/sam_ba_monitor.o
ptr_data                                          build/sparkfun-samd51-micromod/sam_ba_monitor.o
put_uint32                                        build/sparkfun-samd51-micromod/sam_ba_monitor.o
read_block                                        build/sparkfun-samd51-micromod/fat.o
                                                  build/sparkfun-samd51-micromod/msc.o
recv_hf2                                          build/sparkfun-samd51-micromod/hid.o
resetHorizon                                      build/sparkfun-samd51-micromod/utils.o
                                                  build/sparkfun-samd51-micromod/main.o
                                                  build/sparkfun-samd51-micromod/fat.o
resetIntoApp                                      build/sparkfun-samd51-micromod/utils.o
                                                  build/sparkfun-samd51-micromod/hid.o
                                                  build/sparkfun-samd51-micromod/msc.o
resetIntoBootloader                               build/sparkfun-samd51-micromod/utils.o
                                                  build/sparkfun-samd51-micromod/hid.o
                                                  build/sparkfun-samd51-micromod/msc.o
reset_ep                                          build/sparkfun-samd51-micromod/cdc_enumerate.o
                                                  build/sparkfun-samd51-micromod/msc.o
row_same                                          build/sparkfun-samd51-micromod/flash_samd51.o
sam_ba_monitor_init                               build/sparkfun-samd51-micromod/sam_ba_monitor.o
sam_ba_monitor_run                                build/sparkfun-samd51-micromod/sam_ba_monitor.o
                                                  build/sparkfun-samd51-micromod/main.o
sam_ba_putdata_term                               build/sparkfun-samd51-micromod/sam_ba_monitor.o
send_hf2                                          build/sparkfun-samd51-micromod/hid.o
send_hf2_response                                 build/sparkfun-samd51-micromod/hid.o
size_of_data                                      build/sparkfun-samd51-micromod/usart_sam_ba.o
sp                                                build/sparkfun-samd51-micromod/sam_ba_monitor.o
stall_ep                                          build/sparkfun-samd51-micromod/cdc_enumerate.o
                                                  build/sparkfun-samd51-micromod/msc.o
strlen                                            /usr/local/Cellar/gcc-arm-none-eabi/20200630/bin/../lib/gcc/arm-none-eabi/9.3.1/../../../../arm-none-eabi/lib/thumb/v7e-m/nofp/libg_nano.a(lib_a-strlen.o)
                                                  build/sparkfun-samd51-micromod/hid.o
                                                  build/sparkfun-samd51-micromod/fat.o
                                                  build/sparkfun-samd51-micromod/cdc_enumerate.o
system_init                                       build/sparkfun-samd51-micromod/init_samd51.o
                                                  build/sparkfun-samd51-micromod/main.o
timerHigh                                         build/sparkfun-samd51-micromod/utils.o
                                                  build/sparkfun-samd51-micromod/main.o
                                                  build/sparkfun-samd51-micromod/fat.o
timerTick                                         build/sparkfun-samd51-micromod/utils.o
                                                  build/sparkfun-samd51-micromod/cdc_enumerate.o
try_read_cbw                                      build/sparkfun-samd51-micromod/msc.o
u32tmp                                            build/sparkfun-samd51-micromod/sam_ba_monitor.o
uart_basic_init                                   build/sparkfun-samd51-micromod/uart_driver.o
                                                  build/sparkfun-samd51-micromod/usart_sam_ba.o
uart_disable                                      build/sparkfun-samd51-micromod/uart_driver.o
                                                  build/sparkfun-samd51-micromod/usart_sam_ba.o
uart_drv_error_flag                               build/sparkfun-samd51-micromod/uart_driver.o
uart_get_sercom_index                             build/sparkfun-samd51-micromod/uart_driver.o
uart_read_buffer_polled                           build/sparkfun-samd51-micromod/uart_driver.o
uart_read_byte                                    build/sparkfun-samd51-micromod/uart_driver.o
                                                  build/sparkfun-samd51-micromod/usart_sam_ba.o
uart_write_buffer_polled                          build/sparkfun-samd51-micromod/uart_driver.o
uart_write_byte                                   build/sparkfun-samd51-micromod/uart_driver.o
                                                  build/sparkfun-samd51-micromod/usart_sam_ba.o
udd_ep_set_halt                                   build/sparkfun-samd51-micromod/msc.o
udi_msc_csw_send                                  build/sparkfun-samd51-micromod/msc.o
usart_close                                       build/sparkfun-samd51-micromod/usart_sam_ba.o
usart_getc                                        build/sparkfun-samd51-micromod/usart_sam_ba.o
usart_getdata                                     build/sparkfun-samd51-micromod/usart_sam_ba.o
usart_getdata_xmd                                 build/sparkfun-samd51-micromod/usart_sam_ba.o
usart_is_rx_ready                                 build/sparkfun-samd51-micromod/usart_sam_ba.o
usart_open                                        build/sparkfun-samd51-micromod/usart_sam_ba.o
usart_putc                                        build/sparkfun-samd51-micromod/usart_sam_ba.o
usart_putdata                                     build/sparkfun-samd51-micromod/usart_sam_ba.o
usart_putdata_xmd                                 build/sparkfun-samd51-micromod/usart_sam_ba.o
usart_readc                                       build/sparkfun-samd51-micromod/usart_sam_ba.o
usart_sharp_received                              build/sparkfun-samd51-micromod/usart_sam_ba.o
usb_endpoint_table                                build/sparkfun-samd51-micromod/cdc_enumerate.o
usb_init                                          build/sparkfun-samd51-micromod/cdc_enumerate.o
                                                  build/sparkfun-samd51-micromod/main.o
writeNum                                          build/sparkfun-samd51-micromod/utils.o
                                                  build/sparkfun-samd51-micromod/sam_ba_monitor.o
                                                  build/sparkfun-samd51-micromod/cdc_enumerate.o
write_block                                       build/sparkfun-samd51-micromod/fat.o
                                                  build/sparkfun-samd51-micromod/msc.o
