Archive member included to satisfy reference by file (symbol)

/usr/local/Cellar/gcc-arm-none-eabi/20200630/bin/../lib/gcc/arm-none-eabi/9.3.1/../../../../arm-none-eabi/lib/thumb/v7e-m/nofp/libg_nano.a(lib_a-memcpy-stub.o)
                              build/sparkfun-samd51-micromod/flash_samd51.o (memcpy)

Allocating common symbols
Common symbol       size              file

b_sharp_received    0x1               build/sparkfun-samd51-micromod/usart_sam_ba.o
block_erased        0x80              build/sparkfun-samd51-micromod/flash_samd51.o
timerHigh           0x4               build/sparkfun-samd51-micromod/utils.o
idx_rx_write        0x1               build/sparkfun-samd51-micromod/usart_sam_ba.o
size_of_data        0x2               build/sparkfun-samd51-micromod/usart_sam_ba.o
resetHorizon        0x4               build/sparkfun-samd51-micromod/utils.o
idx_tx_read         0x1               build/sparkfun-samd51-micromod/usart_sam_ba.o
buffer_tx_usart     0x80              build/sparkfun-samd51-micromod/usart_sam_ba.o
error_timeout       0x1               build/sparkfun-samd51-micromod/usart_sam_ba.o
mode_of_transfer    0x1               build/sparkfun-samd51-micromod/usart_sam_ba.o
idx_rx_read         0x1               build/sparkfun-samd51-micromod/usart_sam_ba.o
pageBuf             0x100             build/sparkfun-samd51-micromod/selfmain.o
idx_tx_write        0x1               build/sparkfun-samd51-micromod/usart_sam_ba.o
row_same            0x1000            build/sparkfun-samd51-micromod/flash_samd51.o
buffer_rx_usart     0x80              build/sparkfun-samd51-micromod/usart_sam_ba.o

Discarded input sections

 .text          0x0000000000000000        0x0 build/sparkfun-samd51-micromod/flash_samd51.o
 .data          0x0000000000000000        0x0 build/sparkfun-samd51-micromod/flash_samd51.o
 .bss           0x0000000000000000        0x0 build/sparkfun-samd51-micromod/flash_samd51.o
 .text.flash_erase_block
                0x0000000000000000       0x20 build/sparkfun-samd51-micromod/flash_samd51.o
 .text.flash_erase_to_end
                0x0000000000000000       0x2c build/sparkfun-samd51-micromod/flash_samd51.o
 .text.copy_words
                0x0000000000000000       0x18 build/sparkfun-samd51-micromod/flash_samd51.o
 .text          0x0000000000000000        0x0 build/sparkfun-samd51-micromod/init_samd51.o
 .data          0x0000000000000000        0x0 build/sparkfun-samd51-micromod/init_samd51.o
 .bss           0x0000000000000000        0x0 build/sparkfun-samd51-micromod/init_samd51.o
 .text          0x0000000000000000        0x0 build/sparkfun-samd51-micromod/startup_samd51.o
 .data          0x0000000000000000        0x0 build/sparkfun-samd51-micromod/startup_samd51.o
 .bss           0x0000000000000000        0x0 build/sparkfun-samd51-micromod/startup_samd51.o
 .text          0x0000000000000000        0x0 build/sparkfun-samd51-micromod/usart_sam_ba.o
 .data          0x0000000000000000        0x0 build/sparkfun-samd51-micromod/usart_sam_ba.o
 .bss           0x0000000000000000        0x0 build/sparkfun-samd51-micromod/usart_sam_ba.o
 .text.usart_open
                0x0000000000000000       0xb8 build/sparkfun-samd51-micromod/usart_sam_ba.o
 .text.usart_close
                0x0000000000000000        0xc build/sparkfun-samd51-micromod/usart_sam_ba.o
 .text.usart_putc
                0x0000000000000000       0x14 build/sparkfun-samd51-micromod/usart_sam_ba.o
 .text.usart_getc
                0x0000000000000000       0x18 build/sparkfun-samd51-micromod/usart_sam_ba.o
 .text.usart_sharp_received
                0x0000000000000000       0x2c build/sparkfun-samd51-micromod/usart_sam_ba.o
 .text.usart_is_rx_ready
                0x0000000000000000       0x10 build/sparkfun-samd51-micromod/usart_sam_ba.o
 .text.usart_readc
                0x0000000000000000       0x20 build/sparkfun-samd51-micromod/usart_sam_ba.o
 .text.usart_putdata
                0x0000000000000000       0x24 build/sparkfun-samd51-micromod/usart_sam_ba.o
 .text.usart_getdata
                0x0000000000000000       0x1c build/sparkfun-samd51-micromod/usart_sam_ba.o
 .text.add_crc  0x0000000000000000       0x58 build/sparkfun-samd51-micromod/usart_sam_ba.o
 .text.getbytes
                0x0000000000000000       0x80 build/sparkfun-samd51-micromod/usart_sam_ba.o
 .text.getPacket
                0x0000000000000000       0x9c build/sparkfun-samd51-micromod/usart_sam_ba.o
 .text.usart_putdata_xmd
                0x0000000000000000      0x164 build/sparkfun-samd51-micromod/usart_sam_ba.o
 .text.usart_getdata_xmd
                0x0000000000000000       0xcc build/sparkfun-samd51-micromod/usart_sam_ba.o
 .bss.crcCache  0x0000000000000000      0x200 build/sparkfun-samd51-micromod/usart_sam_ba.o
 .debug_info    0x0000000000000000     0x4c50 build/sparkfun-samd51-micromod/usart_sam_ba.o
 .debug_abbrev  0x0000000000000000      0x614 build/sparkfun-samd51-micromod/usart_sam_ba.o
 .debug_loc     0x0000000000000000      0xb50 build/sparkfun-samd51-micromod/usart_sam_ba.o
 .debug_aranges
                0x0000000000000000       0x88 build/sparkfun-samd51-micromod/usart_sam_ba.o
 .debug_ranges  0x0000000000000000      0x2f0 build/sparkfun-samd51-micromod/usart_sam_ba.o
 .debug_line    0x0000000000000000      0xc19 build/sparkfun-samd51-micromod/usart_sam_ba.o
 .debug_str     0x0000000000000000     0x161c build/sparkfun-samd51-micromod/usart_sam_ba.o
 .comment       0x0000000000000000       0x4d build/sparkfun-samd51-micromod/usart_sam_ba.o
 .debug_frame   0x0000000000000000      0x1b0 build/sparkfun-samd51-micromod/usart_sam_ba.o
 .ARM.attributes
                0x0000000000000000       0x2e build/sparkfun-samd51-micromod/usart_sam_ba.o
 COMMON         0x0000000000000000      0x10c build/sparkfun-samd51-micromod/usart_sam_ba.o
 .text          0x0000000000000000        0x0 build/sparkfun-samd51-micromod/screen.o
 .data          0x0000000000000000        0x0 build/sparkfun-samd51-micromod/screen.o
 .bss           0x0000000000000000        0x0 build/sparkfun-samd51-micromod/screen.o
 .debug_info    0x0000000000000000      0x9a3 build/sparkfun-samd51-micromod/screen.o
 .debug_abbrev  0x0000000000000000      0x1bd build/sparkfun-samd51-micromod/screen.o
 .debug_aranges
                0x0000000000000000       0x18 build/sparkfun-samd51-micromod/screen.o
 .debug_line    0x0000000000000000      0x1a9 build/sparkfun-samd51-micromod/screen.o
 .debug_str     0x0000000000000000      0x5e9 build/sparkfun-samd51-micromod/screen.o
 .comment       0x0000000000000000       0x4d build/sparkfun-samd51-micromod/screen.o
 .ARM.attributes
                0x0000000000000000       0x33 build/sparkfun-samd51-micromod/screen.o
 .text          0x0000000000000000        0x0 build/sparkfun-samd51-micromod/images.o
 .data          0x0000000000000000        0x0 build/sparkfun-samd51-micromod/images.o
 .bss           0x0000000000000000        0x0 build/sparkfun-samd51-micromod/images.o
 .rodata.arrowLogo
                0x0000000000000000       0x39 build/sparkfun-samd51-micromod/images.o
 .rodata.fileLogo
                0x0000000000000000       0x4a build/sparkfun-samd51-micromod/images.o
 .rodata.font8  0x0000000000000000      0x240 build/sparkfun-samd51-micromod/images.o
 .rodata.pendriveLogo
                0x0000000000000000       0x3e build/sparkfun-samd51-micromod/images.o
 .debug_info    0x0000000000000000      0x11e build/sparkfun-samd51-micromod/images.o
 .debug_abbrev  0x0000000000000000       0x6a build/sparkfun-samd51-micromod/images.o
 .debug_aranges
                0x0000000000000000       0x18 build/sparkfun-samd51-micromod/images.o
 .debug_line    0x0000000000000000       0xe0 build/sparkfun-samd51-micromod/images.o
 .debug_str     0x0000000000000000      0x1bb build/sparkfun-samd51-micromod/images.o
 .comment       0x0000000000000000       0x4d build/sparkfun-samd51-micromod/images.o
 .ARM.attributes
                0x0000000000000000       0x33 build/sparkfun-samd51-micromod/images.o
 .text          0x0000000000000000        0x0 build/sparkfun-samd51-micromod/utils.o
 .data          0x0000000000000000        0x0 build/sparkfun-samd51-micromod/utils.o
 .bss           0x0000000000000000        0x0 build/sparkfun-samd51-micromod/utils.o
 .text.panic    0x0000000000000000        0x4 build/sparkfun-samd51-micromod/utils.o
 .text.writeNum
                0x0000000000000000       0x34 build/sparkfun-samd51-micromod/utils.o
 .text.timerTick
                0x0000000000000000       0x3c build/sparkfun-samd51-micromod/utils.o
 .text.led_signal
                0x0000000000000000       0x28 build/sparkfun-samd51-micromod/utils.o
 .text.RGBLED_set_color
                0x0000000000000000        0x4 build/sparkfun-samd51-micromod/utils.o
 .bss.timerLow  0x0000000000000000        0x4 build/sparkfun-samd51-micromod/utils.o
 COMMON         0x0000000000000000        0x8 build/sparkfun-samd51-micromod/utils.o
 .text          0x0000000000000000        0x0 build/sparkfun-samd51-micromod/selfmain.o
 .data          0x0000000000000000        0x0 build/sparkfun-samd51-micromod/selfmain.o
 .bss           0x0000000000000000        0x0 build/sparkfun-samd51-micromod/selfmain.o
 .text          0x0000000000000000        0x0 build/sparkfun-samd51-micromod/selfdata.o
 .data          0x0000000000000000        0x0 build/sparkfun-samd51-micromod/selfdata.o
 .bss           0x0000000000000000        0x0 build/sparkfun-samd51-micromod/selfdata.o
 .rodata.bootloader_crcs
                0x0000000000000000       0x20 build/sparkfun-samd51-micromod/selfdata.o
 .text          0x0000000000000000        0x0 /usr/local/Cellar/gcc-arm-none-eabi/20200630/bin/../lib/gcc/arm-none-eabi/9.3.1/../../../../arm-none-eabi/lib/thumb/v7e-m/nofp/libg_nano.a(lib_a-memcpy-stub.o)
 .data          0x0000000000000000        0x0 /usr/local/Cellar/gcc-arm-none-eabi/20200630/bin/../lib/gcc/arm-none-eabi/9.3.1/../../../../arm-none-eabi/lib/thumb/v7e-m/nofp/libg_nano.a(lib_a-memcpy-stub.o)
 .bss           0x0000000000000000        0x0 /usr/local/Cellar/gcc-arm-none-eabi/20200630/bin/../lib/gcc/arm-none-eabi/9.3.1/../../../../arm-none-eabi/lib/thumb/v7e-m/nofp/libg_nano.a(lib_a-memcpy-stub.o)

Memory Configuration

Name             Origin             Length             Attributes
rom              0x0000000000004000 0x000000000007c000 xr
ram              0x0000000020000000 0x0000000000030000 xrw
bkupram          0x0000000047000000 0x0000000000002000 xrw
qspi             0x0000000004000000 0x0000000001000000 xrw
*default*        0x0000000000000000 0xffffffffffffffff

Linker script and memory map

LOAD build/sparkfun-samd51-micromod/flash_samd51.o
LOAD build/sparkfun-samd51-micromod/init_samd51.o
LOAD build/sparkfun-samd51-micromod/startup_samd51.o
LOAD build/sparkfun-samd51-micromod/usart_sam_ba.o
LOAD build/sparkfun-samd51-micromod/screen.o
LOAD build/sparkfun-samd51-micromod/images.o
LOAD build/sparkfun-samd51-micromod/utils.o
LOAD build/sparkfun-samd51-micromod/selfmain.o
LOAD build/sparkfun-samd51-micromod/selfdata.o
START GROUP
LOAD /usr/local/Cellar/gcc-arm-none-eabi/20200630/bin/../lib/gcc/arm-none-eabi/9.3.1/thumb/v7e-m/nofp/libgcc.a
LOAD /usr/local/Cellar/gcc-arm-none-eabi/20200630/bin/../lib/gcc/arm-none-eabi/9.3.1/../../../../arm-none-eabi/lib/thumb/v7e-m/nofp/libg_nano.a
LOAD /usr/local/Cellar/gcc-arm-none-eabi/20200630/bin/../lib/gcc/arm-none-eabi/9.3.1/../../../../arm-none-eabi/lib/thumb/v7e-m/nofp/libc_nano.a
END GROUP
START GROUP
LOAD /usr/local/Cellar/gcc-arm-none-eabi/20200630/bin/../lib/gcc/arm-none-eabi/9.3.1/thumb/v7e-m/nofp/libgcc.a
LOAD /usr/local/Cellar/gcc-arm-none-eabi/20200630/bin/../lib/gcc/arm-none-eabi/9.3.1/../../../../arm-none-eabi/lib/thumb/v7e-m/nofp/libc_nano.a
LOAD /usr/local/Cellar/gcc-arm-none-eabi/20200630/bin/../lib/gcc/arm-none-eabi/9.3.1/../../../../arm-none-eabi/lib/thumb/v7e-m/nofp/libnosys.a
END GROUP
START GROUP
LOAD /usr/local/Cellar/gcc-arm-none-eabi/20200630/bin/../lib/gcc/arm-none-eabi/9.3.1/thumb/v7e-m/nofp/libgcc.a
LOAD /usr/local/Cellar/gcc-arm-none-eabi/20200630/bin/../lib/gcc/arm-none-eabi/9.3.1/../../../../arm-none-eabi/lib/thumb/v7e-m/nofp/libc_nano.a
LOAD /usr/local/Cellar/gcc-arm-none-eabi/20200630/bin/../lib/gcc/arm-none-eabi/9.3.1/../../../../arm-none-eabi/lib/thumb/v7e-m/nofp/libnosys.a
END GROUP
                0x000000000000c000                STACK_SIZE = DEFINED (STACK_SIZE)?STACK_SIZE:DEFINED (__stack_size__)?__stack_size__:0xc000

.text           0x0000000000004000     0x4804
                0x0000000000004000                . = ALIGN (0x4)
                0x0000000000004000                _sfixed = .
 *(.vectors .vectors.*)
 .vectors       0x0000000000004000      0x264 build/sparkfun-samd51-micromod/startup_samd51.o
                0x0000000000004000                exception_table
 *(.text .text.* .gnu.linkonce.t.*)
 .text.flash_write_words
                0x0000000000004264       0x6c build/sparkfun-samd51-micromod/flash_samd51.o
                0x0000000000004264                flash_write_words
 .text.flash_write_row
                0x00000000000042d0      0x188 build/sparkfun-samd51-micromod/flash_samd51.o
                0x00000000000042d0                flash_write_row
 .text.system_init
                0x0000000000004458       0xcc build/sparkfun-samd51-micromod/init_samd51.o
                0x0000000000004458                system_init
 .text.SysTick_Handler
                0x0000000000004524        0x4 build/sparkfun-samd51-micromod/init_samd51.o
                0x0000000000004524                SysTick_Handler
 .text.Dummy_Handler
                0x0000000000004528        0x4 build/sparkfun-samd51-micromod/startup_samd51.o
                0x0000000000004528                ICM_Handler
                0x0000000000004528                SERCOM0_2_Handler
                0x0000000000004528                DebugMon_Handler
                0x0000000000004528                EIC_13_Handler
                0x0000000000004528                EVSYS_0_Handler
                0x0000000000004528                TCC1_3_Handler
                0x0000000000004528                DAC_3_Handler
                0x0000000000004528                TRNG_Handler
                0x0000000000004528                HardFault_Handler
                0x0000000000004528                TC2_Handler
                0x0000000000004528                PDEC_2_Handler
                0x0000000000004528                EIC_4_Handler
                0x0000000000004528                AC_Handler
                0x0000000000004528                SERCOM3_1_Handler
                0x0000000000004528                TCC2_3_Handler
                0x0000000000004528                SERCOM3_2_Handler
                0x0000000000004528                PendSV_Handler
                0x0000000000004528                NMI_Handler
                0x0000000000004528                ADC1_1_Handler
                0x0000000000004528                EVSYS_3_Handler
                0x0000000000004528                PDEC_0_Handler
                0x0000000000004528                QSPI_Handler
                0x0000000000004528                TCC0_0_Handler
                0x0000000000004528                EIC_3_Handler
                0x0000000000004528                TAL_0_Handler
                0x0000000000004528                DAC_2_Handler
                0x0000000000004528                SERCOM0_0_Handler
                0x0000000000004528                RTC_Handler
                0x0000000000004528                UsageFault_Handler
                0x0000000000004528                SERCOM4_0_Handler
                0x0000000000004528                EIC_10_Handler
                0x0000000000004528                SERCOM0_3_Handler
                0x0000000000004528                EIC_11_Handler
                0x0000000000004528                EIC_9_Handler
                0x0000000000004528                OSC32KCTRL_Handler
                0x0000000000004528                TCC2_1_Handler
                0x0000000000004528                SUPC_1_Handler
                0x0000000000004528                TCC0_5_Handler
                0x0000000000004528                TCC0_6_Handler
                0x0000000000004528                EVSYS_1_Handler
                0x0000000000004528                TCC1_4_Handler
                0x0000000000004528                DMAC_0_Handler
                0x0000000000004528                WDT_Handler
                0x0000000000004528                EIC_8_Handler
                0x0000000000004528                EIC_15_Handler
                0x0000000000004528                SERCOM5_0_Handler
                0x0000000000004528                TC4_Handler
                0x0000000000004528                TC1_Handler
                0x0000000000004528                OSCCTRL_4_Handler
                0x0000000000004528                SERCOM4_3_Handler
                0x0000000000004528                EIC_12_Handler
                0x0000000000004528                DMAC_4_Handler
                0x0000000000004528                TCC4_2_Handler
                0x0000000000004528                PAC_Handler
                0x0000000000004528                TCC1_0_Handler
                0x0000000000004528                USB_0_Handler
                0x0000000000004528                OSCCTRL_0_Handler
                0x0000000000004528                EIC_0_Handler
                0x0000000000004528                OSCCTRL_3_Handler
                0x0000000000004528                SERCOM4_1_Handler
                0x0000000000004528                TC3_Handler
                0x0000000000004528                Dummy_Handler
                0x0000000000004528                TCC3_0_Handler
                0x0000000000004528                TCC2_2_Handler
                0x0000000000004528                SERCOM5_1_Handler
                0x0000000000004528                TCC1_1_Handler
                0x0000000000004528                DMAC_2_Handler
                0x0000000000004528                ADC0_0_Handler
                0x0000000000004528                SERCOM0_1_Handler
                0x0000000000004528                OSCCTRL_2_Handler
                0x0000000000004528                ADC1_0_Handler
                0x0000000000004528                TCC1_2_Handler
                0x0000000000004528                USB_1_Handler
                0x0000000000004528                PM_Handler
                0x0000000000004528                SERCOM2_3_Handler
                0x0000000000004528                DAC_4_Handler
                0x0000000000004528                TCC3_2_Handler
                0x0000000000004528                TCC0_2_Handler
                0x0000000000004528                DMAC_1_Handler
                0x0000000000004528                TCC4_0_Handler
                0x0000000000004528                USB_3_Handler
                0x0000000000004528                TCC2_0_Handler
                0x0000000000004528                PDEC_1_Handler
                0x0000000000004528                MemManage_Handler
                0x0000000000004528                TCC4_1_Handler
                0x0000000000004528                SERCOM5_3_Handler
                0x0000000000004528                USB_2_Handler
                0x0000000000004528                SVC_Handler
                0x0000000000004528                SDHC0_Handler
                0x0000000000004528                SERCOM1_1_Handler
                0x0000000000004528                I2S_Handler
                0x0000000000004528                EIC_2_Handler
                0x0000000000004528                PCC_Handler
                0x0000000000004528                DAC_0_Handler
                0x0000000000004528                TCC0_1_Handler
                0x0000000000004528                SERCOM1_3_Handler
                0x0000000000004528                EIC_6_Handler
                0x0000000000004528                OSCCTRL_1_Handler
                0x0000000000004528                SERCOM1_0_Handler
                0x0000000000004528                PUKCC_Handler
                0x0000000000004528                SERCOM2_1_Handler
                0x0000000000004528                SERCOM1_2_Handler
                0x0000000000004528                SERCOM3_0_Handler
                0x0000000000004528                EIC_1_Handler
                0x0000000000004528                SERCOM4_2_Handler
                0x0000000000004528                EVSYS_4_Handler
                0x0000000000004528                EIC_7_Handler
                0x0000000000004528                NVMCTRL_1_Handler
                0x0000000000004528                SERCOM5_2_Handler
                0x0000000000004528                SERCOM3_3_Handler
                0x0000000000004528                ADC0_1_Handler
                0x0000000000004528                SERCOM2_2_Handler
                0x0000000000004528                TCC3_1_Handler
                0x0000000000004528                EIC_14_Handler
                0x0000000000004528                DAC_1_Handler
                0x0000000000004528                NVMCTRL_0_Handler
                0x0000000000004528                TAL_1_Handler
                0x0000000000004528                MCLK_Handler
                0x0000000000004528                EVSYS_2_Handler
                0x0000000000004528                SUPC_0_Handler
                0x0000000000004528                BusFault_Handler
                0x0000000000004528                FREQM_Handler
                0x0000000000004528                TC0_Handler
                0x0000000000004528                TCC0_3_Handler
                0x0000000000004528                DMAC_3_Handler
                0x0000000000004528                TCC0_4_Handler
                0x0000000000004528                RAMECC_Handler
                0x0000000000004528                TC5_Handler
                0x0000000000004528                SERCOM2_0_Handler
                0x0000000000004528                AES_Handler
                0x0000000000004528                EIC_5_Handler
 .text.Reset_Handler
                0x000000000000452c       0x74 build/sparkfun-samd51-micromod/startup_samd51.o
                0x000000000000452c                Reset_Handler
 .text.NVIC_SystemReset
                0x00000000000045a0       0x20 build/sparkfun-samd51-micromod/utils.o
 .text.delay    0x00000000000045c0       0x14 build/sparkfun-samd51-micromod/utils.o
                0x00000000000045c0                delay
 .text.resetIntoApp
                0x00000000000045d4       0x14 build/sparkfun-samd51-micromod/utils.o
                0x00000000000045d4                resetIntoApp
 .text.resetIntoBootloader
                0x00000000000045e8       0x14 build/sparkfun-samd51-micromod/utils.o
                0x00000000000045e8                resetIntoBootloader
 .text.led_tick
                0x00000000000045fc       0x94 build/sparkfun-samd51-micromod/utils.o
                0x00000000000045fc                led_tick
 .text.led_init
                0x0000000000004690       0x10 build/sparkfun-samd51-micromod/utils.o
                0x0000000000004690                led_init
 .text.setBootProt
                0x00000000000046a0       0x9c build/sparkfun-samd51-micromod/selfmain.o
                0x00000000000046a0                setBootProt
 .text.startup.main
                0x000000000000473c       0xac build/sparkfun-samd51-micromod/selfmain.o
                0x000000000000473c                main
 .text.memcpy   0x00000000000047e8       0x1c /usr/local/Cellar/gcc-arm-none-eabi/20200630/bin/../lib/gcc/arm-none-eabi/9.3.1/../../../../arm-none-eabi/lib/thumb/v7e-m/nofp/libg_nano.a(lib_a-memcpy-stub.o)
                0x00000000000047e8                memcpy
 *(.glue_7t)
 .glue_7t       0x0000000000004804        0x0 linker stubs
 *(.glue_7)
 .glue_7        0x0000000000004804        0x0 linker stubs
 *(.rodata .rodata* .gnu.linkonce.r.*)
 .rodata.bootloader
                0x0000000000004804     0x4000 build/sparkfun-samd51-micromod/selfdata.o
                0x0000000000004804                bootloader
 *(.ARM.extab* .gnu.linkonce.armextab.*)
                0x0000000000008804                . = ALIGN (0x4)
 *(.init)
                0x0000000000008804                . = ALIGN (0x4)
                0x0000000000008804                __preinit_array_start = .
 *(.preinit_array)
                0x0000000000008804                __preinit_array_end = .
                0x0000000000008804                . = ALIGN (0x4)
                0x0000000000008804                __init_array_start = .
 *(SORT_BY_NAME(.init_array.*))
 *(.init_array)
                0x0000000000008804                __init_array_end = .
                0x0000000000008804                . = ALIGN (0x4)
 *crtbegin.o(.ctors)
 *(EXCLUDE_FILE(*crtend.o) .ctors)
 *(SORT_BY_NAME(.ctors.*))
 *crtend.o(.ctors)
                0x0000000000008804                . = ALIGN (0x4)
 *(.fini)
                0x0000000000008804                . = ALIGN (0x4)
                0x0000000000008804                __fini_array_start = .
 *(.fini_array)
 *(SORT_BY_NAME(.fini_array.*))
                0x0000000000008804                __fini_array_end = .
 *crtbegin.o(.dtors)
 *(EXCLUDE_FILE(*crtend.o) .dtors)
 *(SORT_BY_NAME(.dtors.*))
 *crtend.o(.dtors)
                0x0000000000008804                . = ALIGN (0x4)
                0x0000000000008804                _efixed = .
                [!provide]                        PROVIDE (__exidx_start = .)

.vfp11_veneer   0x0000000000008804        0x0
 .vfp11_veneer  0x0000000000008804        0x0 linker stubs

.v4_bx          0x0000000000008804        0x0
 .v4_bx         0x0000000000008804        0x0 linker stubs

.iplt           0x0000000000008804        0x0
 .iplt          0x0000000000008804        0x0 build/sparkfun-samd51-micromod/flash_samd51.o

.igot.plt       0x0000000000008804        0x0
 .igot.plt      0x0000000000008804        0x0 build/sparkfun-samd51-micromod/flash_samd51.o

.rel.dyn        0x0000000000008804        0x0
 .rel.iplt      0x0000000000008804        0x0 build/sparkfun-samd51-micromod/flash_samd51.o

.ARM.exidx
 *(.ARM.exidx* .gnu.linkonce.armexidx.*)
                [!provide]                        PROVIDE (__exidx_end = .)
                0x0000000000008804                . = ALIGN (0x4)
                0x0000000000008804                _etext = .

.relocate       0x0000000020000000        0x4 load address 0x0000000000008804
                0x0000000020000000                . = ALIGN (0x4)
                0x0000000020000000                _srelocate = .
 *(.ramfunc .ramfunc.*)
 *(.data .data.*)
 .data.led_tick_step
                0x0000000020000000        0x1 build/sparkfun-samd51-micromod/utils.o
                0x0000000020000000                led_tick_step
 .data.limit    0x0000000020000001        0x1 build/sparkfun-samd51-micromod/utils.o
                0x0000000020000004                . = ALIGN (0x4)
 *fill*         0x0000000020000002        0x2 
                0x0000000020000004                _erelocate = .

.bkupram        0x0000000047000000        0x0
                0x0000000047000000                . = ALIGN (0x8)
                0x0000000047000000                _sbkupram = .
 *(.bkupram .bkupram.*)
                0x0000000047000000                . = ALIGN (0x8)
                0x0000000047000000                _ebkupram = .

.qspi           0x0000000004000000        0x0
                0x0000000004000000                . = ALIGN (0x8)
                0x0000000004000000                _sqspi = .
 *(.qspi .qspi.*)
                0x0000000004000000                . = ALIGN (0x8)
                0x0000000004000000                _eqspi = .

.bss            0x0000000020000004     0x1188 load address 0x0000000000008808
                0x0000000020000004                . = ALIGN (0x4)
                0x0000000020000004                _sbss = .
                0x0000000020000004                _szero = .
 *(.bss .bss.*)
 .bss.now       0x0000000020000004        0x4 build/sparkfun-samd51-micromod/utils.o
 .bss.signal_end
                0x0000000020000008        0x4 build/sparkfun-samd51-micromod/utils.o
 *(COMMON)
 COMMON         0x000000002000000c     0x1080 build/sparkfun-samd51-micromod/flash_samd51.o
                0x000000002000000c                block_erased
                0x000000002000008c                row_same
 COMMON         0x000000002000108c      0x100 build/sparkfun-samd51-micromod/selfmain.o
                0x000000002000108c                pageBuf
                0x000000002000118c                . = ALIGN (0x4)
                0x000000002000118c                _ebss = .
                0x000000002000118c                _ezero = .

.stack          0x000000002000118c     0xc004 load address 0x0000000000009990
                0x0000000020001190                . = ALIGN (0x8)
 *fill*         0x000000002000118c        0x4 
                0x0000000020001190                _sstack = .
                0x000000002000d190                . = (. + STACK_SIZE)
 *fill*         0x0000000020001190     0xc000 
                0x000000002000d190                . = ALIGN (0x8)
                0x000000002000d190                _estack = .
                0x000000002000d190                . = ALIGN (0x4)
                0x000000002000d190                _end = .
OUTPUT(build/sparkfun-samd51-micromod/update-bootloader-sparkfun-samd51-micromod-v3.4.0-65-gdf89a1f-dirty.elf elf32-littlearm)
LOAD linker stubs

.debug_info     0x0000000000000000     0x8f4a
 .debug_info    0x0000000000000000     0x1778 build/sparkfun-samd51-micromod/flash_samd51.o
 .debug_info    0x0000000000001778     0x35c8 build/sparkfun-samd51-micromod/init_samd51.o
 .debug_info    0x0000000000004d40      0xc4c build/sparkfun-samd51-micromod/startup_samd51.o
 .debug_info    0x000000000000598c     0x1586 build/sparkfun-samd51-micromod/utils.o
 .debug_info    0x0000000000006f12     0x1f49 build/sparkfun-samd51-micromod/selfmain.o
 .debug_info    0x0000000000008e5b       0xef build/sparkfun-samd51-micromod/selfdata.o

.debug_abbrev   0x0000000000000000     0x108f
 .debug_abbrev  0x0000000000000000      0x3a7 build/sparkfun-samd51-micromod/flash_samd51.o
 .debug_abbrev  0x00000000000003a7      0x344 build/sparkfun-samd51-micromod/init_samd51.o
 .debug_abbrev  0x00000000000006eb      0x17d build/sparkfun-samd51-micromod/startup_samd51.o
 .debug_abbrev  0x0000000000000868      0x3e7 build/sparkfun-samd51-micromod/utils.o
 .debug_abbrev  0x0000000000000c4f      0x3c0 build/sparkfun-samd51-micromod/selfmain.o
 .debug_abbrev  0x000000000000100f       0x80 build/sparkfun-samd51-micromod/selfdata.o

.debug_loc      0x0000000000000000      0x9b3
 .debug_loc     0x0000000000000000      0x5c0 build/sparkfun-samd51-micromod/flash_samd51.o
 .debug_loc     0x00000000000005c0       0x45 build/sparkfun-samd51-micromod/init_samd51.o
 .debug_loc     0x0000000000000605       0x62 build/sparkfun-samd51-micromod/startup_samd51.o
 .debug_loc     0x0000000000000667      0x17f build/sparkfun-samd51-micromod/utils.o
 .debug_loc     0x00000000000007e6      0x1cd build/sparkfun-samd51-micromod/selfmain.o

.debug_aranges  0x0000000000000000      0x140
 .debug_aranges
                0x0000000000000000       0x40 build/sparkfun-samd51-micromod/flash_samd51.o
 .debug_aranges
                0x0000000000000040       0x28 build/sparkfun-samd51-micromod/init_samd51.o
 .debug_aranges
                0x0000000000000068       0x28 build/sparkfun-samd51-micromod/startup_samd51.o
 .debug_aranges
                0x0000000000000090       0x70 build/sparkfun-samd51-micromod/utils.o
 .debug_aranges
                0x0000000000000100       0x28 build/sparkfun-samd51-micromod/selfmain.o
 .debug_aranges
                0x0000000000000128       0x18 build/sparkfun-samd51-micromod/selfdata.o

.debug_ranges   0x0000000000000000      0x1e0
 .debug_ranges  0x0000000000000000       0x90 build/sparkfun-samd51-micromod/flash_samd51.o
 .debug_ranges  0x0000000000000090       0x50 build/sparkfun-samd51-micromod/init_samd51.o
 .debug_ranges  0x00000000000000e0       0x18 build/sparkfun-samd51-micromod/startup_samd51.o
 .debug_ranges  0x00000000000000f8       0x90 build/sparkfun-samd51-micromod/utils.o
 .debug_ranges  0x0000000000000188       0x58 build/sparkfun-samd51-micromod/selfmain.o

.debug_line     0x0000000000000000     0x1741
 .debug_line    0x0000000000000000      0x5be build/sparkfun-samd51-micromod/flash_samd51.o
 .debug_line    0x00000000000005be      0x43c build/sparkfun-samd51-micromod/init_samd51.o
 .debug_line    0x00000000000009fa      0x1ff build/sparkfun-samd51-micromod/startup_samd51.o
 .debug_line    0x0000000000000bf9      0x554 build/sparkfun-samd51-micromod/utils.o
 .debug_line    0x000000000000114d      0x4f7 build/sparkfun-samd51-micromod/selfmain.o
 .debug_line    0x0000000000001644       0xfd build/sparkfun-samd51-micromod/selfdata.o

.debug_str      0x0000000000000000     0x260f
 .debug_str     0x0000000000000000      0x8f5 build/sparkfun-samd51-micromod/flash_samd51.o
                                        0x99e (size before relaxing)
 .debug_str     0x00000000000008f5      0xee4 build/sparkfun-samd51-micromod/init_samd51.o
                                       0x17ca (size before relaxing)
 .debug_str     0x00000000000017d9      0xb15 build/sparkfun-samd51-micromod/startup_samd51.o
                                        0xd5a (size before relaxing)
 .debug_str     0x00000000000022ee      0x289 build/sparkfun-samd51-micromod/utils.o
                                        0x91a (size before relaxing)
 .debug_str     0x0000000000002577       0x6e build/sparkfun-samd51-micromod/selfmain.o
                                        0xbd0 (size before relaxing)
 .debug_str     0x00000000000025e5       0x2a build/sparkfun-samd51-micromod/selfdata.o
                                        0x1e1 (size before relaxing)

.comment        0x0000000000000000       0x4c
 .comment       0x0000000000000000       0x4c build/sparkfun-samd51-micromod/flash_samd51.o
                                         0x4d (size before relaxing)
 .comment       0x000000000000004c       0x4d build/sparkfun-samd51-micromod/init_samd51.o
 .comment       0x000000000000004c       0x4d build/sparkfun-samd51-micromod/startup_samd51.o
 .comment       0x000000000000004c       0x4d build/sparkfun-samd51-micromod/utils.o
 .comment       0x000000000000004c       0x4d build/sparkfun-samd51-micromod/selfmain.o
 .comment       0x000000000000004c       0x4d build/sparkfun-samd51-micromod/selfdata.o

.ARM.attributes
                0x0000000000000000       0x2e
 .ARM.attributes
                0x0000000000000000       0x2e build/sparkfun-samd51-micromod/flash_samd51.o
 .ARM.attributes
                0x000000000000002e       0x2e build/sparkfun-samd51-micromod/init_samd51.o
 .ARM.attributes
                0x000000000000005c       0x2e build/sparkfun-samd51-micromod/startup_samd51.o
 .ARM.attributes
                0x000000000000008a       0x2e build/sparkfun-samd51-micromod/utils.o
 .ARM.attributes
                0x00000000000000b8       0x2e build/sparkfun-samd51-micromod/selfmain.o
 .ARM.attributes
                0x00000000000000e6       0x33 build/sparkfun-samd51-micromod/selfdata.o
 .ARM.attributes
                0x0000000000000119       0x2e /usr/local/Cellar/gcc-arm-none-eabi/20200630/bin/../lib/gcc/arm-none-eabi/9.3.1/../../../../arm-none-eabi/lib/thumb/v7e-m/nofp/libg_nano.a(lib_a-memcpy-stub.o)

.debug_frame    0x0000000000000000      0x29c
 .debug_frame   0x0000000000000000       0xa0 build/sparkfun-samd51-micromod/flash_samd51.o
 .debug_frame   0x00000000000000a0       0x40 build/sparkfun-samd51-micromod/init_samd51.o
 .debug_frame   0x00000000000000e0       0x38 build/sparkfun-samd51-micromod/startup_samd51.o
 .debug_frame   0x0000000000000118      0x108 build/sparkfun-samd51-micromod/utils.o
 .debug_frame   0x0000000000000220       0x54 build/sparkfun-samd51-micromod/selfmain.o
 .debug_frame   0x0000000000000274       0x28 /usr/local/Cellar/gcc-arm-none-eabi/20200630/bin/../lib/gcc/arm-none-eabi/9.3.1/../../../../arm-none-eabi/lib/thumb/v7e-m/nofp/libg_nano.a(lib_a-memcpy-stub.o)

Cross Reference Table

Symbol                                            File
AC_Handler                                        build/sparkfun-samd51-micromod/startup_samd51.o
ADC0_0_Handler                                    build/sparkfun-samd51-micromod/startup_samd51.o
ADC0_1_Handler                                    build/sparkfun-samd51-micromod/startup_samd51.o
ADC1_0_Handler                                    build/sparkfun-samd51-micromod/startup_samd51.o
ADC1_1_Handler                                    build/sparkfun-samd51-micromod/startup_samd51.o
AES_Handler                                       build/sparkfun-samd51-micromod/startup_samd51.o
BusFault_Handler                                  build/sparkfun-samd51-micromod/startup_samd51.o
DAC_0_Handler                                     build/sparkfun-samd51-micromod/startup_samd51.o
DAC_1_Handler                                     build/sparkfun-samd51-micromod/startup_samd51.o
DAC_2_Handler                                     build/sparkfun-samd51-micromod/startup_samd51.o
DAC_3_Handler                                     build/sparkfun-samd51-micromod/startup_samd51.o
DAC_4_Handler                                     build/sparkfun-samd51-micromod/startup_samd51.o
DMAC_0_Handler                                    build/sparkfun-samd51-micromod/startup_samd51.o
DMAC_1_Handler                                    build/sparkfun-samd51-micromod/startup_samd51.o
DMAC_2_Handler                                    build/sparkfun-samd51-micromod/startup_samd51.o
DMAC_3_Handler                                    build/sparkfun-samd51-micromod/startup_samd51.o
DMAC_4_Handler                                    build/sparkfun-samd51-micromod/startup_samd51.o
DebugMon_Handler                                  build/sparkfun-samd51-micromod/startup_samd51.o
Dummy_Handler                                     build/sparkfun-samd51-micromod/startup_samd51.o
EIC_0_Handler                                     build/sparkfun-samd51-micromod/startup_samd51.o
EIC_10_Handler                                    build/sparkfun-samd51-micromod/startup_samd51.o
EIC_11_Handler                                    build/sparkfun-samd51-micromod/startup_samd51.o
EIC_12_Handler                                    build/sparkfun-samd51-micromod/startup_samd51.o
EIC_13_Handler                                    build/sparkfun-samd51-micromod/startup_samd51.o
EIC_14_Handler                                    build/sparkfun-samd51-micromod/startup_samd51.o
EIC_15_Handler                                    build/sparkfun-samd51-micromod/startup_samd51.o
EIC_1_Handler                                     build/sparkfun-samd51-micromod/startup_samd51.o
EIC_2_Handler                                     build/sparkfun-samd51-micromod/startup_samd51.o
EIC_3_Handler                                     build/sparkfun-samd51-micromod/startup_samd51.o
EIC_4_Handler                                     build/sparkfun-samd51-micromod/startup_samd51.o
EIC_5_Handler                                     build/sparkfun-samd51-micromod/startup_samd51.o
EIC_6_Handler                                     build/sparkfun-samd51-micromod/startup_samd51.o
EIC_7_Handler                                     build/sparkfun-samd51-micromod/startup_samd51.o
EIC_8_Handler                                     build/sparkfun-samd51-micromod/startup_samd51.o
EIC_9_Handler                                     build/sparkfun-samd51-micromod/startup_samd51.o
EVSYS_0_Handler                                   build/sparkfun-samd51-micromod/startup_samd51.o
EVSYS_1_Handler                                   build/sparkfun-samd51-micromod/startup_samd51.o
EVSYS_2_Handler                                   build/sparkfun-samd51-micromod/startup_samd51.o
EVSYS_3_Handler                                   build/sparkfun-samd51-micromod/startup_samd51.o
EVSYS_4_Handler                                   build/sparkfun-samd51-micromod/startup_samd51.o
FREQM_Handler                                     build/sparkfun-samd51-micromod/startup_samd51.o
HardFault_Handler                                 build/sparkfun-samd51-micromod/startup_samd51.o
I2S_Handler                                       build/sparkfun-samd51-micromod/startup_samd51.o
ICM_Handler                                       build/sparkfun-samd51-micromod/startup_samd51.o
MCLK_Handler                                      build/sparkfun-samd51-micromod/startup_samd51.o
MemManage_Handler                                 build/sparkfun-samd51-micromod/startup_samd51.o
NMI_Handler                                       build/sparkfun-samd51-micromod/startup_samd51.o
NVMCTRL_0_Handler                                 build/sparkfun-samd51-micromod/startup_samd51.o
NVMCTRL_1_Handler                                 build/sparkfun-samd51-micromod/startup_samd51.o
OSC32KCTRL_Handler                                build/sparkfun-samd51-micromod/startup_samd51.o
OSCCTRL_0_Handler                                 build/sparkfun-samd51-micromod/startup_samd51.o
OSCCTRL_1_Handler                                 build/sparkfun-samd51-micromod/startup_samd51.o
OSCCTRL_2_Handler                                 build/sparkfun-samd51-micromod/startup_samd51.o
OSCCTRL_3_Handler                                 build/sparkfun-samd51-micromod/startup_samd51.o
OSCCTRL_4_Handler                                 build/sparkfun-samd51-micromod/startup_samd51.o
PAC_Handler                                       build/sparkfun-samd51-micromod/startup_samd51.o
PCC_Handler                                       build/sparkfun-samd51-micromod/startup_samd51.o
PDEC_0_Handler                                    build/sparkfun-samd51-micromod/startup_samd51.o
PDEC_1_Handler                                    build/sparkfun-samd51-micromod/startup_samd51.o
PDEC_2_Handler                                    build/sparkfun-samd51-micromod/startup_samd51.o
PM_Handler                                        build/sparkfun-samd51-micromod/startup_samd51.o
PUKCC_Handler                                     build/sparkfun-samd51-micromod/startup_samd51.o
PendSV_Handler                                    build/sparkfun-samd51-micromod/startup_samd51.o
QSPI_Handler                                      build/sparkfun-samd51-micromod/startup_samd51.o
RAMECC_Handler                                    build/sparkfun-samd51-micromod/startup_samd51.o
RGBLED_set_color                                  build/sparkfun-samd51-micromod/utils.o
RTC_Handler                                       build/sparkfun-samd51-micromod/startup_samd51.o
Reset_Handler                                     build/sparkfun-samd51-micromod/startup_samd51.o
SDHC0_Handler                                     build/sparkfun-samd51-micromod/startup_samd51.o
SERCOM0_0_Handler                                 build/sparkfun-samd51-micromod/startup_samd51.o
SERCOM0_1_Handler                                 build/sparkfun-samd51-micromod/startup_samd51.o
SERCOM0_2_Handler                                 build/sparkfun-samd51-micromod/startup_samd51.o
SERCOM0_3_Handler                                 build/sparkfun-samd51-micromod/startup_samd51.o
SERCOM1_0_Handler                                 build/sparkfun-samd51-micromod/startup_samd51.o
SERCOM1_1_Handler                                 build/sparkfun-samd51-micromod/startup_samd51.o
SERCOM1_2_Handler                                 build/sparkfun-samd51-micromod/startup_samd51.o
SERCOM1_3_Handler                                 build/sparkfun-samd51-micromod/startup_samd51.o
SERCOM2_0_Handler                                 build/sparkfun-samd51-micromod/startup_samd51.o
SERCOM2_1_Handler                                 build/sparkfun-samd51-micromod/startup_samd51.o
SERCOM2_2_Handler                                 build/sparkfun-samd51-micromod/startup_samd51.o
SERCOM2_3_Handler                                 build/sparkfun-samd51-micromod/startup_samd51.o
SERCOM3_0_Handler                                 build/sparkfun-samd51-micromod/startup_samd51.o
SERCOM3_1_Handler                                 build/sparkfun-samd51-micromod/startup_samd51.o
SERCOM3_2_Handler                                 build/sparkfun-samd51-micromod/startup_samd51.o
SERCOM3_3_Handler                                 build/sparkfun-samd51-micromod/startup_samd51.o
SERCOM4_0_Handler                                 build/sparkfun-samd51-micromod/startup_samd51.o
SERCOM4_1_Handler                                 build/sparkfun-samd51-micromod/startup_samd51.o
SERCOM4_2_Handler                                 build/sparkfun-samd51-micromod/startup_samd51.o
SERCOM4_3_Handler                                 build/sparkfun-samd51-micromod/startup_samd51.o
SERCOM5_0_Handler                                 build/sparkfun-samd51-micromod/startup_samd51.o
SERCOM5_1_Handler                                 build/sparkfun-samd51-micromod/startup_samd51.o
SERCOM5_2_Handler                                 build/sparkfun-samd51-micromod/startup_samd51.o
SERCOM5_3_Handler                                 build/sparkfun-samd51-micromod/startup_samd51.o
SUPC_0_Handler                                    build/sparkfun-samd51-micromod/startup_samd51.o
SUPC_1_Handler                                    build/sparkfun-samd51-micromod/startup_samd51.o
SVC_Handler                                       build/sparkfun-samd51-micromod/startup_samd51.o
SysTick_Handler                                   build/sparkfun-samd51-micromod/init_samd51.o
TAL_0_Handler                                     build/sparkfun-samd51-micromod/startup_samd51.o
TAL_1_Handler                                     build/sparkfun-samd51-micromod/startup_samd51.o
TC0_Handler                                       build/sparkfun-samd51-micromod/startup_samd51.o
TC1_Handler                                       build/sparkfun-samd51-micromod/startup_samd51.o
TC2_Handler                                       build/sparkfun-samd51-micromod/startup_samd51.o
TC3_Handler                                       build/sparkfun-samd51-micromod/startup_samd51.o
TC4_Handler                                       build/sparkfun-samd51-micromod/startup_samd51.o
TC5_Handler                                       build/sparkfun-samd51-micromod/startup_samd51.o
TCC0_0_Handler                                    build/sparkfun-samd51-micromod/startup_samd51.o
TCC0_1_Handler                                    build/sparkfun-samd51-micromod/startup_samd51.o
TCC0_2_Handler                                    build/sparkfun-samd51-micromod/startup_samd51.o
TCC0_3_Handler                                    build/sparkfun-samd51-micromod/startup_samd51.o
TCC0_4_Handler                                    build/sparkfun-samd51-micromod/startup_samd51.o
TCC0_5_Handler                                    build/sparkfun-samd51-micromod/startup_samd51.o
TCC0_6_Handler                                    build/sparkfun-samd51-micromod/startup_samd51.o
TCC1_0_Handler                                    build/sparkfun-samd51-micromod/startup_samd51.o
TCC1_1_Handler                                    build/sparkfun-samd51-micromod/startup_samd51.o
TCC1_2_Handler                                    build/sparkfun-samd51-micromod/startup_samd51.o
TCC1_3_Handler                                    build/sparkfun-samd51-micromod/startup_samd51.o
TCC1_4_Handler                                    build/sparkfun-samd51-micromod/startup_samd51.o
TCC2_0_Handler                                    build/sparkfun-samd51-micromod/startup_samd51.o
TCC2_1_Handler                                    build/sparkfun-samd51-micromod/startup_samd51.o
TCC2_2_Handler                                    build/sparkfun-samd51-micromod/startup_samd51.o
TCC2_3_Handler                                    build/sparkfun-samd51-micromod/startup_samd51.o
TCC3_0_Handler                                    build/sparkfun-samd51-micromod/startup_samd51.o
TCC3_1_Handler                                    build/sparkfun-samd51-micromod/startup_samd51.o
TCC3_2_Handler                                    build/sparkfun-samd51-micromod/startup_samd51.o
TCC4_0_Handler                                    build/sparkfun-samd51-micromod/startup_samd51.o
TCC4_1_Handler                                    build/sparkfun-samd51-micromod/startup_samd51.o
TCC4_2_Handler                                    build/sparkfun-samd51-micromod/startup_samd51.o
TRNG_Handler                                      build/sparkfun-samd51-micromod/startup_samd51.o
USB_0_Handler                                     build/sparkfun-samd51-micromod/startup_samd51.o
USB_1_Handler                                     build/sparkfun-samd51-micromod/startup_samd51.o
USB_2_Handler                                     build/sparkfun-samd51-micromod/startup_samd51.o
USB_3_Handler                                     build/sparkfun-samd51-micromod/startup_samd51.o
UsageFault_Handler                                build/sparkfun-samd51-micromod/startup_samd51.o
WDT_Handler                                       build/sparkfun-samd51-micromod/startup_samd51.o
_erelocate                                        build/sparkfun-samd51-micromod/startup_samd51.o
_estack                                           build/sparkfun-samd51-micromod/startup_samd51.o
_etext                                            build/sparkfun-samd51-micromod/startup_samd51.o
_ezero                                            build/sparkfun-samd51-micromod/startup_samd51.o
_sfixed                                           build/sparkfun-samd51-micromod/startup_samd51.o
_srelocate                                        build/sparkfun-samd51-micromod/startup_samd51.o
_szero                                            build/sparkfun-samd51-micromod/startup_samd51.o
add_crc                                           build/sparkfun-samd51-micromod/usart_sam_ba.o
arrowLogo                                         build/sparkfun-samd51-micromod/images.o
b_sharp_received                                  build/sparkfun-samd51-micromod/usart_sam_ba.o
block_erased                                      build/sparkfun-samd51-micromod/flash_samd51.o
bootloader                                        build/sparkfun-samd51-micromod/selfdata.o
                                                  build/sparkfun-samd51-micromod/selfmain.o
bootloader_crcs                                   build/sparkfun-samd51-micromod/selfdata.o
buffer_rx_usart                                   build/sparkfun-samd51-micromod/usart_sam_ba.o
buffer_tx_usart                                   build/sparkfun-samd51-micromod/usart_sam_ba.o
copy_words                                        build/sparkfun-samd51-micromod/flash_samd51.o
delay                                             build/sparkfun-samd51-micromod/utils.o
                                                  build/sparkfun-samd51-micromod/selfmain.o
error_timeout                                     build/sparkfun-samd51-micromod/usart_sam_ba.o
exception_table                                   build/sparkfun-samd51-micromod/startup_samd51.o
fileLogo                                          build/sparkfun-samd51-micromod/images.o
flash_erase_block                                 build/sparkfun-samd51-micromod/flash_samd51.o
flash_erase_to_end                                build/sparkfun-samd51-micromod/flash_samd51.o
flash_write_row                                   build/sparkfun-samd51-micromod/flash_samd51.o
                                                  build/sparkfun-samd51-micromod/selfmain.o
flash_write_words                                 build/sparkfun-samd51-micromod/flash_samd51.o
                                                  build/sparkfun-samd51-micromod/selfmain.o
font8                                             build/sparkfun-samd51-micromod/images.o
getPacket                                         build/sparkfun-samd51-micromod/usart_sam_ba.o
idx_rx_read                                       build/sparkfun-samd51-micromod/usart_sam_ba.o
idx_rx_write                                      build/sparkfun-samd51-micromod/usart_sam_ba.o
idx_tx_read                                       build/sparkfun-samd51-micromod/usart_sam_ba.o
idx_tx_write                                      build/sparkfun-samd51-micromod/usart_sam_ba.o
led_init                                          build/sparkfun-samd51-micromod/utils.o
                                                  build/sparkfun-samd51-micromod/selfmain.o
led_signal                                        build/sparkfun-samd51-micromod/utils.o
led_tick                                          build/sparkfun-samd51-micromod/utils.o
                                                  build/sparkfun-samd51-micromod/init_samd51.o
led_tick_step                                     build/sparkfun-samd51-micromod/utils.o
main                                              build/sparkfun-samd51-micromod/selfmain.o
                                                  build/sparkfun-samd51-micromod/startup_samd51.o
memcpy                                            /usr/local/Cellar/gcc-arm-none-eabi/20200630/bin/../lib/gcc/arm-none-eabi/9.3.1/../../../../arm-none-eabi/lib/thumb/v7e-m/nofp/libg_nano.a(lib_a-memcpy-stub.o)
                                                  build/sparkfun-samd51-micromod/selfmain.o
                                                  build/sparkfun-samd51-micromod/flash_samd51.o
mode_of_transfer                                  build/sparkfun-samd51-micromod/usart_sam_ba.o
pageBuf                                           build/sparkfun-samd51-micromod/selfmain.o
panic                                             build/sparkfun-samd51-micromod/utils.o
pendriveLogo                                      build/sparkfun-samd51-micromod/images.o
resetHorizon                                      build/sparkfun-samd51-micromod/utils.o
resetIntoApp                                      build/sparkfun-samd51-micromod/utils.o
                                                  build/sparkfun-samd51-micromod/selfmain.o
resetIntoBootloader                               build/sparkfun-samd51-micromod/utils.o
                                                  build/sparkfun-samd51-micromod/selfmain.o
row_same                                          build/sparkfun-samd51-micromod/flash_samd51.o
setBootProt                                       build/sparkfun-samd51-micromod/selfmain.o
size_of_data                                      build/sparkfun-samd51-micromod/usart_sam_ba.o
system_init                                       build/sparkfun-samd51-micromod/init_samd51.o
                                                  build/sparkfun-samd51-micromod/selfmain.o
timerHigh                                         build/sparkfun-samd51-micromod/utils.o
timerTick                                         build/sparkfun-samd51-micromod/utils.o
uart_basic_init                                   build/sparkfun-samd51-micromod/usart_sam_ba.o
uart_disable                                      build/sparkfun-samd51-micromod/usart_sam_ba.o
uart_read_byte                                    build/sparkfun-samd51-micromod/usart_sam_ba.o
uart_write_byte                                   build/sparkfun-samd51-micromod/usart_sam_ba.o
usart_close                                       build/sparkfun-samd51-micromod/usart_sam_ba.o
usart_getc                                        build/sparkfun-samd51-micromod/usart_sam_ba.o
usart_getdata                                     build/sparkfun-samd51-micromod/usart_sam_ba.o
usart_getdata_xmd                                 build/sparkfun-samd51-micromod/usart_sam_ba.o
usart_is_rx_ready                                 build/sparkfun-samd51-micromod/usart_sam_ba.o
usart_open                                        build/sparkfun-samd51-micromod/usart_sam_ba.o
usart_putc                                        build/sparkfun-samd51-micromod/usart_sam_ba.o
usart_putdata                                     build/sparkfun-samd51-micromod/usart_sam_ba.o
usart_putdata_xmd                                 build/sparkfun-samd51-micromod/usart_sam_ba.o
usart_readc                                       build/sparkfun-samd51-micromod/usart_sam_ba.o
usart_sharp_received                              build/sparkfun-samd51-micromod/usart_sam_ba.o
writeNum                                          build/sparkfun-samd51-micromod/utils.o
